bun test v1.3.10 (30e609e0)
{"level":30,"time":"2026-03-13T17:42:20.918Z","scope":"e2e:setup","baseUrl":"http://localhost:11337","publicUrl":"http://localhost:1337","msg":"Setting up E2E environment"}
{"level":30,"time":"2026-03-13T17:42:20.919Z","scope":"e2e:docker","msg":"Starting Kaneo server via Docker Compose"}
{"level":30,"time":"2026-03-13T17:42:23.243Z","scope":"e2e:docker","msg":"Kaneo server started successfully"}
{"level":30,"time":"2026-03-13T17:42:23.243Z","scope":"e2e:setup","healthUrl":"http://localhost:11337/api/health","msg":"Waiting for Kaneo server to be healthy"}
{"level":30,"time":"2026-03-13T17:42:23.248Z","scope":"e2e:setup","attempts":1,"msg":"Kaneo server is healthy"}
{"level":30,"time":"2026-03-13T17:42:23.249Z","scope":"kaneo:provision","telegramId":1000743247,"email":"e2e-test-1773423743248@pap.ai","msg":"Provisioning Kaneo user account"}
{"level":30,"time":"2026-03-13T17:42:23.542Z","scope":"kaneo:provision","telegramId":1000743247,"msg":"Created API key for provisioned user"}
{"level":30,"time":"2026-03-13T17:42:23.542Z","scope":"kaneo:provision","telegramId":1000743247,"workspaceId":"QPfQotpYm2yCjqDQhEknz9RswyGAg0jQ","msg":"Kaneo user provisioned"}
{"level":30,"time":"2026-03-13T17:42:23.542Z","scope":"e2e:setup","workspaceId":"QPfQotpYm2yCjqDQhEknz9RswyGAg0jQ","msg":"E2E environment setup complete"}
{"level":30,"time":"2026-03-13T17:42:23.542Z","scope":"e2e:client","projectCount":0,"taskCount":0,"labelCount":0,"msg":"Starting cleanup"}
{"level":30,"time":"2026-03-13T17:42:23.543Z","scope":"e2e:client","projectCount":0,"taskCount":0,"labelCount":0,"msg":"Cleanup complete"}
{"level":30,"time":"2026-03-13T17:42:23.573Z","scope":"kaneo:project-resource","projectId":"ya0ukfqclrzjwh3oh2nsylcf","name":"To Archive 1773423743543","msg":"Project created"}
{"level":30,"time":"2026-03-13T17:42:23.573Z","scope":"kaneo:create-project","workspaceId":"QPfQotpYm2yCjqDQhEknz9RswyGAg0jQ","projectId":"ya0ukfqclrzjwh3oh2nsylcf","name":"To Archive 1773423743543","msg":"Project created"}
{"level":30,"time":"2026-03-13T17:42:23.573Z","scope":"e2e:client","projectId":"ya0ukfqclrzjwh3oh2nsylcf","name":"To Archive 1773423743543","msg":"Test project created"}
{"level":30,"time":"2026-03-13T17:42:23.587Z","scope":"kaneo:project-resource","projectId":"ya0ukfqclrzjwh3oh2nsylcf","msg":"Project archived"}
{"level":30,"time":"2026-03-13T17:42:23.587Z","scope":"kaneo:archive-project","projectId":"ya0ukfqclrzjwh3oh2nsylcf","msg":"Project archived (deleted)"}
{"level":30,"time":"2026-03-13T17:42:23.608Z","scope":"kaneo:project-resource","count":0,"msg":"Projects listed"}
{"level":30,"time":"2026-03-13T17:42:23.608Z","scope":"kaneo:list-projects","workspaceId":"QPfQotpYm2yCjqDQhEknz9RswyGAg0jQ","projectCount":0,"msg":"Projects listed"}

tests/e2e/project-archive.test.ts:
29 |     const project = await testClient.createTestProject(`To Archive ${Date.now()}`)
30 |     await archiveProject({ config: kaneoConfig, projectId: project.id })
31 | 
32 |     const projects = await listProjects({ config: kaneoConfig, workspaceId: testClient.getWorkspaceId() })
33 |     const found = projects.find((p) => p.id === project.id)
34 |     expect(found).toBeDefined()
                       ^
error: expect(received).toBeDefined()

Received: undefined

      at <anonymous> (/Users/ki/Projects/experiments/papai/tests/e2e/project-archive.test.ts:34:19)
(fail) E2E: Project Archive > archives a project [66.26ms]
{"level":30,"time":"2026-03-13T17:42:23.608Z","scope":"e2e:client","projectCount":1,"taskCount":0,"labelCount":0,"msg":"Starting cleanup"}
{"level":50,"time":"2026-03-13T17:42:23.614Z","scope":"kaneo:client","method":"DELETE","path":"/project/ya0ukfqclrzjwh3oh2nsylcf","statusCode":400,"responseBody":"Unable to read response body","msg":"Kaneo API error"}
{"level":50,"time":"2026-03-13T17:42:23.614Z","scope":"kaneo:project-resource","error":"Kaneo API DELETE /project/ya0ukfqclrzjwh3oh2nsylcf returned 400","msg":"Failed to archive project"}
{"level":50,"time":"2026-03-13T17:42:23.614Z","scope":"kaneo:archive-project","error":"Kaneo API DELETE /project/ya0ukfqclrzjwh3oh2nsylcf returned 400","projectId":"ya0ukfqclrzjwh3oh2nsylcf","msg":"archiveProject failed"}
{"level":40,"time":"2026-03-13T17:42:23.614Z","scope":"e2e:client","projectId":"ya0ukfqclrzjwh3oh2nsylcf","error":"Kaneo API DELETE /project/ya0ukfqclrzjwh3oh2nsylcf returned 400","msg":"Failed to archive project during cleanup"}
{"level":30,"time":"2026-03-13T17:42:23.614Z","scope":"e2e:client","projectCount":1,"taskCount":0,"labelCount":0,"msg":"Cleanup complete"}
{"level":30,"time":"2026-03-13T17:42:23.647Z","scope":"kaneo:project-resource","projectId":"ld51bbz4l2pw7xnsupvc7q7n","name":"To Update 1773423743614","msg":"Project created"}
{"level":30,"time":"2026-03-13T17:42:23.647Z","scope":"kaneo:create-project","workspaceId":"QPfQotpYm2yCjqDQhEknz9RswyGAg0jQ","projectId":"ld51bbz4l2pw7xnsupvc7q7n","name":"To Update 1773423743614","msg":"Project created"}
{"level":30,"time":"2026-03-13T17:42:23.647Z","scope":"e2e:client","projectId":"ld51bbz4l2pw7xnsupvc7q7n","name":"To Update 1773423743614","msg":"Test project created"}
{"level":30,"time":"2026-03-13T17:42:23.672Z","scope":"kaneo:project-resource","projectId":"ld51bbz4l2pw7xnsupvc7q7n","name":"Updated Project Name","msg":"Project updated"}
{"level":30,"time":"2026-03-13T17:42:23.672Z","scope":"kaneo:update-project","projectId":"ld51bbz4l2pw7xnsupvc7q7n","workspaceId":"QPfQotpYm2yCjqDQhEknz9RswyGAg0jQ","name":"Updated Project Name","msg":"Project updated"}
{"level":30,"time":"2026-03-13T17:42:23.672Z","scope":"e2e:client","projectCount":1,"taskCount":0,"labelCount":0,"msg":"Starting cleanup"}
{"level":30,"time":"2026-03-13T17:42:23.682Z","scope":"kaneo:project-resource","projectId":"ld51bbz4l2pw7xnsupvc7q7n","msg":"Project archived"}
{"level":30,"time":"2026-03-13T17:42:23.682Z","scope":"kaneo:archive-project","projectId":"ld51bbz4l2pw7xnsupvc7q7n","msg":"Project archived (deleted)"}
{"level":30,"time":"2026-03-13T17:42:23.682Z","scope":"e2e:client","projectCount":1,"taskCount":0,"labelCount":0,"msg":"Cleanup complete"}
{"level":30,"time":"2026-03-13T17:42:23.709Z","scope":"kaneo:project-resource","projectId":"sa17eum40c0dxg7qehlbm5gd","name":"Project A 1773423743682","msg":"Project created"}
{"level":30,"time":"2026-03-13T17:42:23.709Z","scope":"kaneo:create-project","workspaceId":"QPfQotpYm2yCjqDQhEknz9RswyGAg0jQ","projectId":"sa17eum40c0dxg7qehlbm5gd","name":"Project A 1773423743682","msg":"Project created"}
{"level":30,"time":"2026-03-13T17:42:23.709Z","scope":"e2e:client","projectId":"sa17eum40c0dxg7qehlbm5gd","name":"Project A 1773423743682","msg":"Test project created"}
{"level":30,"time":"2026-03-13T17:42:23.736Z","scope":"kaneo:project-resource","projectId":"pkies7rhzq3vxjo47eox11ho","name":"Project B 1773423743709","msg":"Project created"}
{"level":30,"time":"2026-03-13T17:42:23.736Z","scope":"kaneo:create-project","workspaceId":"QPfQotpYm2yCjqDQhEknz9RswyGAg0jQ","projectId":"pkies7rhzq3vxjo47eox11ho","name":"Project B 1773423743709","msg":"Project created"}
{"level":30,"time":"2026-03-13T17:42:23.737Z","scope":"e2e:client","projectId":"pkies7rhzq3vxjo47eox11ho","name":"Project B 1773423743709","msg":"Test project created"}
{"level":30,"time":"2026-03-13T17:42:23.743Z","scope":"kaneo:project-resource","count":2,"msg":"Projects listed"}
{"level":30,"time":"2026-03-13T17:42:23.743Z","scope":"kaneo:list-projects","workspaceId":"QPfQotpYm2yCjqDQhEknz9RswyGAg0jQ","projectCount":2,"msg":"Projects listed"}
{"level":30,"time":"2026-03-13T17:42:23.743Z","scope":"e2e:setup","msg":"Tearing down E2E environment"}
{"level":30,"time":"2026-03-13T17:42:23.743Z","scope":"e2e:docker","msg":"Stopping Kaneo server"}
killed 1 dangling process
(fail) E2E: Project Archive > (unnamed) [5003.01ms]
  ^ a beforeEach/afterEach hook timed out for this test.
{"level":40,"time":"2026-03-13T17:42:28.751Z","scope":"e2e:docker","code":130,"stderr":" Container papai-papai-1  Stopping\n Container papai-caddy-1  Stopping\n Container papai-caddy-1  Stopped\n Container papai-caddy-1  Removing\n Container papai-caddy-1  Removed\n Container papai-kaneo-web-1  Stopping\n Container papai-papai-1  Stopped\n Container papai-papai-1  Removing\n Container papai-papai-1  Removed\n Container papai-kaneo-db-fix-1  Stopping\n Container papai-kaneo-db-fix-1  Stopped\n Container papai-kaneo-db-fix-1  Removing\n Container papai-kaneo-db-fix-1  Removed\n Container papai-kaneo-web-1  Error while Stopping\n\n","msg":"Kaneo server stop completed with warnings"}
{"level":30,"time":"2026-03-13T17:42:28.751Z","scope":"e2e:setup","baseUrl":"http://localhost:11337","publicUrl":"http://localhost:1337","msg":"Setting up E2E environment"}
{"level":30,"time":"2026-03-13T17:42:28.751Z","scope":"e2e:docker","msg":"Starting Kaneo server via Docker Compose"}
{"level":30,"time":"2026-03-13T17:42:31.034Z","scope":"e2e:docker","msg":"Kaneo server started successfully"}
{"level":30,"time":"2026-03-13T17:42:31.034Z","scope":"e2e:setup","healthUrl":"http://localhost:11337/api/health","msg":"Waiting for Kaneo server to be healthy"}
{"level":30,"time":"2026-03-13T17:42:31.036Z","scope":"e2e:setup","attempts":1,"msg":"Kaneo server is healthy"}
{"level":30,"time":"2026-03-13T17:42:31.036Z","scope":"kaneo:provision","telegramId":1000751035,"email":"e2e-test-1773423751036@pap.ai","msg":"Provisioning Kaneo user account"}
{"level":30,"time":"2026-03-13T17:42:31.192Z","scope":"kaneo:provision","telegramId":1000751035,"msg":"Created API key for provisioned user"}
{"level":30,"time":"2026-03-13T17:42:31.192Z","scope":"kaneo:provision","telegramId":1000751035,"workspaceId":"QyTWKOBPVu8A15ZRzEwzmPYlZ29dXyy5","msg":"Kaneo user provisioned"}
{"level":30,"time":"2026-03-13T17:42:31.192Z","scope":"e2e:setup","workspaceId":"QyTWKOBPVu8A15ZRzEwzmPYlZ29dXyy5","msg":"E2E environment setup complete"}
{"level":30,"time":"2026-03-13T17:42:31.192Z","scope":"e2e:client","projectCount":0,"taskCount":0,"labelCount":0,"msg":"Starting cleanup"}
{"level":30,"time":"2026-03-13T17:42:31.192Z","scope":"e2e:client","projectCount":0,"taskCount":0,"labelCount":0,"msg":"Cleanup complete"}
{"level":30,"time":"2026-03-13T17:42:31.226Z","scope":"kaneo:project-resource","projectId":"sqyz9t3fl53gp2i57mnl7tqh","name":"Error Test 1773423751192","msg":"Project created"}
{"level":30,"time":"2026-03-13T17:42:31.227Z","scope":"kaneo:create-project","workspaceId":"QyTWKOBPVu8A15ZRzEwzmPYlZ29dXyy5","projectId":"sqyz9t3fl53gp2i57mnl7tqh","name":"Error Test 1773423751192","msg":"Project created"}
{"level":30,"time":"2026-03-13T17:42:31.227Z","scope":"e2e:client","projectId":"sqyz9t3fl53gp2i57mnl7tqh","name":"Error Test 1773423751192","msg":"Test project created"}
{"level":50,"time":"2026-03-13T17:42:31.243Z","scope":"kaneo:client","method":"GET","path":"/task/non-existent-id","statusCode":400,"responseBody":"Unable to read response body","msg":"Kaneo API error"}
{"level":50,"time":"2026-03-13T17:42:31.243Z","scope":"kaneo:task-resource","error":"Kaneo API GET /task/non-existent-id returned 400","msg":"Failed to get task"}
{"level":50,"time":"2026-03-13T17:42:31.243Z","scope":"kaneo:get-task","error":"Kaneo API GET /task/non-existent-id returned 400","taskId":"non-existent-id","msg":"getTask failed"}
{"level":30,"time":"2026-03-13T17:42:31.243Z","scope":"e2e:client","projectCount":1,"taskCount":0,"labelCount":0,"msg":"Starting cleanup"}
{"level":30,"time":"2026-03-13T17:42:31.254Z","scope":"kaneo:project-resource","projectId":"sqyz9t3fl53gp2i57mnl7tqh","msg":"Project archived"}
{"level":30,"time":"2026-03-13T17:42:31.254Z","scope":"kaneo:archive-project","projectId":"sqyz9t3fl53gp2i57mnl7tqh","msg":"Project archived (deleted)"}
{"level":30,"time":"2026-03-13T17:42:31.254Z","scope":"e2e:client","projectCount":1,"taskCount":0,"labelCount":0,"msg":"Cleanup complete"}
{"level":30,"time":"2026-03-13T17:42:31.281Z","scope":"kaneo:project-resource","projectId":"fn0ao7evwicoaep9bdg6gtx3","name":"Error Test 1773423751254","msg":"Project created"}
{"level":30,"time":"2026-03-13T17:42:31.281Z","scope":"kaneo:create-project","workspaceId":"QyTWKOBPVu8A15ZRzEwzmPYlZ29dXyy5","projectId":"fn0ao7evwicoaep9bdg6gtx3","name":"Error Test 1773423751254","msg":"Project created"}
{"level":30,"time":"2026-03-13T17:42:31.281Z","scope":"e2e:client","projectId":"fn0ao7evwicoaep9bdg6gtx3","name":"Error Test 1773423751254","msg":"Test project created"}
{"level":50,"time":"2026-03-13T17:42:31.285Z","scope":"kaneo:client","method":"PUT","path":"/task/title/non-existent-id","statusCode":400,"responseBody":"Unable to read response body","msg":"Kaneo API error"}
{"level":50,"time":"2026-03-13T17:42:31.285Z","scope":"kaneo:task-resource","error":"Kaneo API PUT /task/title/non-existent-id returned 400","msg":"Failed to update task"}
{"level":50,"time":"2026-03-13T17:42:31.285Z","scope":"kaneo:update-task","error":"Kaneo API PUT /task/title/non-existent-id returned 400","taskId":"non-existent-id","msg":"updateTask failed"}
{"level":30,"time":"2026-03-13T17:42:31.285Z","scope":"e2e:client","projectCount":1,"taskCount":0,"labelCount":0,"msg":"Starting cleanup"}
{"level":30,"time":"2026-03-13T17:42:31.294Z","scope":"kaneo:project-resource","projectId":"fn0ao7evwicoaep9bdg6gtx3","msg":"Project archived"}
{"level":30,"time":"2026-03-13T17:42:31.294Z","scope":"kaneo:archive-project","projectId":"fn0ao7evwicoaep9bdg6gtx3","msg":"Project archived (deleted)"}
{"level":30,"time":"2026-03-13T17:42:31.294Z","scope":"e2e:client","projectCount":1,"taskCount":0,"labelCount":0,"msg":"Cleanup complete"}
{"level":30,"time":"2026-03-13T17:42:31.319Z","scope":"kaneo:project-resource","projectId":"kgof0l9su6u74cpu3xwcdjed","name":"Error Test 1773423751294","msg":"Project created"}
{"level":30,"time":"2026-03-13T17:42:31.319Z","scope":"kaneo:create-project","workspaceId":"QyTWKOBPVu8A15ZRzEwzmPYlZ29dXyy5","projectId":"kgof0l9su6u74cpu3xwcdjed","name":"Error Test 1773423751294","msg":"Project created"}
{"level":30,"time":"2026-03-13T17:42:31.319Z","scope":"e2e:client","projectId":"kgof0l9su6u74cpu3xwcdjed","name":"Error Test 1773423751294","msg":"Test project created"}
{"level":30,"time":"2026-03-13T17:42:31.339Z","scope":"kaneo:task-resource","taskId":"jornxcqpzml41ei63lo6mnmu","number":1,"msg":"Task created"}
{"level":30,"time":"2026-03-13T17:42:31.339Z","scope":"kaneo:create-task","taskId":"jornxcqpzml41ei63lo6mnmu","title":"Task with émojis and <html> & \"quotes\"","number":1,"msg":"Task created"}
{"level":30,"time":"2026-03-13T17:42:31.355Z","scope":"kaneo:task-resource","taskId":"jornxcqpzml41ei63lo6mnmu","number":1,"relationCount":0,"msg":"Task fetched"}
{"level":30,"time":"2026-03-13T17:42:31.355Z","scope":"kaneo:get-task","taskId":"jornxcqpzml41ei63lo6mnmu","number":1,"relationCount":0,"msg":"Task fetched"}
{"level":30,"time":"2026-03-13T17:42:31.355Z","scope":"e2e:setup","msg":"Tearing down E2E environment"}
{"level":30,"time":"2026-03-13T17:42:31.355Z","scope":"e2e:docker","msg":"Stopping Kaneo server"}
killed 1 dangling process

tests/e2e/error-handling.test.ts:
(fail) E2E: Error Handling > (unnamed) [5002.05ms]
  ^ a beforeEach/afterEach hook timed out for this test.
{"level":40,"time":"2026-03-13T17:42:36.361Z","scope":"e2e:docker","code":130,"stderr":" Container papai-papai-1  Stopping\n Container papai-caddy-1  Stopping\n Container papai-caddy-1  Stopped\n Container papai-caddy-1  Removing\n Container papai-caddy-1  Removed\n Container papai-kaneo-web-1  Stopping\n Container papai-papai-1  Stopped\n Container papai-papai-1  Removing\n Container papai-papai-1  Removed\n Container papai-kaneo-db-fix-1  Stopping\n Container papai-kaneo-db-fix-1  Stopped\n Container papai-kaneo-db-fix-1  Removing\n Container papai-kaneo-db-fix-1  Removed\n Container papai-kaneo-web-1  Stopped\n Container papai-kaneo-web-1  Removing\n Container papai-kaneo-web-1  Removed\n Container papai-kaneo-api-1  Stopping\n Container papai-kaneo-api-1  Error while Stopping\n\n","msg":"Kaneo server stop completed with warnings"}
{"level":30,"time":"2026-03-13T17:42:36.362Z","scope":"e2e:setup","baseUrl":"http://localhost:11337","publicUrl":"http://localhost:1337","msg":"Setting up E2E environment"}
{"level":30,"time":"2026-03-13T17:42:36.362Z","scope":"e2e:docker","msg":"Starting Kaneo server via Docker Compose"}
{"level":30,"time":"2026-03-13T17:42:38.711Z","scope":"e2e:docker","msg":"Kaneo server started successfully"}
{"level":30,"time":"2026-03-13T17:42:38.711Z","scope":"e2e:setup","healthUrl":"http://localhost:11337/api/health","msg":"Waiting for Kaneo server to be healthy"}
{"level":30,"time":"2026-03-13T17:42:38.713Z","scope":"e2e:setup","attempts":1,"msg":"Kaneo server is healthy"}
{"level":30,"time":"2026-03-13T17:42:38.713Z","scope":"kaneo:provision","telegramId":1000758712,"email":"e2e-test-1773423758713@pap.ai","msg":"Provisioning Kaneo user account"}
{"level":30,"time":"2026-03-13T17:42:38.850Z","scope":"kaneo:provision","telegramId":1000758712,"msg":"Created API key for provisioned user"}
{"level":30,"time":"2026-03-13T17:42:38.850Z","scope":"kaneo:provision","telegramId":1000758712,"workspaceId":"iOdCMjVkzspu3LYwhFXMxlKmINmIfBqV","msg":"Kaneo user provisioned"}
{"level":30,"time":"2026-03-13T17:42:38.850Z","scope":"e2e:setup","workspaceId":"iOdCMjVkzspu3LYwhFXMxlKmINmIfBqV","msg":"E2E environment setup complete"}
{"level":30,"time":"2026-03-13T17:42:38.850Z","scope":"e2e:client","projectCount":0,"taskCount":0,"labelCount":0,"msg":"Starting cleanup"}
{"level":30,"time":"2026-03-13T17:42:38.850Z","scope":"e2e:client","projectCount":0,"taskCount":0,"labelCount":0,"msg":"Cleanup complete"}
{"level":30,"time":"2026-03-13T17:42:38.875Z","scope":"kaneo:project-resource","projectId":"pxk5jhuprq9fga4ct49k4ceg","name":"Workflow Test 1773423758850","msg":"Project created"}
{"level":30,"time":"2026-03-13T17:42:38.875Z","scope":"kaneo:create-project","workspaceId":"iOdCMjVkzspu3LYwhFXMxlKmINmIfBqV","projectId":"pxk5jhuprq9fga4ct49k4ceg","name":"Workflow Test 1773423758850","msg":"Project created"}
{"level":30,"time":"2026-03-13T17:42:38.875Z","scope":"e2e:client","projectId":"pxk5jhuprq9fga4ct49k4ceg","name":"Workflow Test 1773423758850","msg":"Test project created"}
{"level":30,"time":"2026-03-13T17:42:38.888Z","scope":"kaneo:task-resource","taskId":"mqniybqt17navtosddwhcfc9","number":1,"msg":"Task created"}
{"level":30,"time":"2026-03-13T17:42:38.888Z","scope":"kaneo:create-task","taskId":"mqniybqt17navtosddwhcfc9","title":"Full lifecycle task","number":1,"msg":"Task created"}
{"level":30,"time":"2026-03-13T17:42:38.910Z","scope":"kaneo:task-resource","taskId":"mqniybqt17navtosddwhcfc9","number":1,"msg":"Task updated"}
{"level":30,"time":"2026-03-13T17:42:38.910Z","scope":"kaneo:update-task","taskId":"mqniybqt17navtosddwhcfc9","number":1,"msg":"Task updated"}
{"level":30,"time":"2026-03-13T17:42:38.931Z","scope":"kaneo:comment-resource","taskId":"mqniybqt17navtosddwhcfc9","count":0,"msg":"Comments listed"}
{"level":50,"time":"2026-03-13T17:42:38.931Z","scope":"kaneo:comment-resource","error":"Failed to retrieve created comment: no comments found","msg":"Failed to add comment"}
{"level":50,"time":"2026-03-13T17:42:38.931Z","scope":"kaneo:add-comment","error":"Failed to retrieve created comment: no comments found","taskId":"mqniybqt17navtosddwhcfc9","msg":"addComment failed"}

tests/e2e/user-workflows.test.ts:
61 |     if (message.includes('rate limit') || message.includes('429')) {
62 |       return new KaneoClassifiedError(error.message, kaneoError.rateLimited())
63 |     }
64 |   }
65 | 
66 |   return new KaneoClassifiedError(
              ^
KaneoClassifiedError: Failed to retrieve created comment: no comments found
 appError: {
  type: "system",
  code: "unexpected",
  originalError: 28 |       // We find the most recent comment instead of matching by text,
29 |       // because the API may transform text (trim whitespace, etc.) and
30 |       // text-based matching is fragile with duplicates
31 |       const comments = await this.list(taskId)
32 |       if (comments.length === 0) {
33 |         throw new Error('Failed to retrieve created comment: no comments found')
                       ^
error: Failed to retrieve created comment: no comments found
      at add (/Users/ki/Projects/experiments/papai/src/kaneo/comment-resource.ts:33:19)
      at async addComment (/Users/ki/Projects/experiments/papai/src/kaneo/add-comment.ts:21:42)
      at async <anonymous> (/Users/ki/Projects/experiments/papai/tests/e2e/user-workflows.test.ts:47:11)
,
},

      at classifyKaneoError (/Users/ki/Projects/experiments/papai/src/kaneo/classify-error.ts:66:10)
      at add (/Users/ki/Projects/experiments/papai/src/kaneo/comment-resource.ts:46:13)
      at async addComment (/Users/ki/Projects/experiments/papai/src/kaneo/add-comment.ts:21:42)
      at async <anonymous> (/Users/ki/Projects/experiments/papai/tests/e2e/user-workflows.test.ts:47:11)
(fail) E2E: User Workflows > full task lifecycle workflow [81.94ms]
{"level":30,"time":"2026-03-13T17:42:38.932Z","scope":"e2e:client","projectCount":1,"taskCount":1,"labelCount":0,"msg":"Starting cleanup"}
{"level":30,"time":"2026-03-13T17:42:38.943Z","scope":"kaneo:task-resource","taskId":"mqniybqt17navtosddwhcfc9","msg":"Task deleted"}
{"level":30,"time":"2026-03-13T17:42:38.943Z","scope":"kaneo:delete-task","taskId":"mqniybqt17navtosddwhcfc9","msg":"Task deleted"}
{"level":30,"time":"2026-03-13T17:42:38.951Z","scope":"kaneo:project-resource","projectId":"pxk5jhuprq9fga4ct49k4ceg","msg":"Project archived"}
{"level":30,"time":"2026-03-13T17:42:38.951Z","scope":"kaneo:archive-project","projectId":"pxk5jhuprq9fga4ct49k4ceg","msg":"Project archived (deleted)"}
{"level":30,"time":"2026-03-13T17:42:38.951Z","scope":"e2e:client","projectCount":1,"taskCount":1,"labelCount":0,"msg":"Cleanup complete"}
{"level":30,"time":"2026-03-13T17:42:38.976Z","scope":"kaneo:project-resource","projectId":"zwvpc74t7t99do45r4wzmg51","name":"Workflow Test 1773423758951","msg":"Project created"}
{"level":30,"time":"2026-03-13T17:42:38.976Z","scope":"kaneo:create-project","workspaceId":"iOdCMjVkzspu3LYwhFXMxlKmINmIfBqV","projectId":"zwvpc74t7t99do45r4wzmg51","name":"Workflow Test 1773423758951","msg":"Project created"}
{"level":30,"time":"2026-03-13T17:42:38.976Z","scope":"e2e:client","projectId":"zwvpc74t7t99do45r4wzmg51","name":"Workflow Test 1773423758951","msg":"Test project created"}
{"level":50,"time":"2026-03-13T17:42:38.982Z","scope":"kaneo:client","method":"POST","path":"/column/zwvpc74t7t99do45r4wzmg51","statusCode":409,"responseBody":"Unable to read response body","msg":"Kaneo API error"}
{"level":50,"time":"2026-03-13T17:42:38.982Z","scope":"kaneo:column-resource","error":"Kaneo API POST /column/zwvpc74t7t99do45r4wzmg51 returned 409","projectId":"zwvpc74t7t99do45r4wzmg51","msg":"Failed to create column"}
{"level":50,"time":"2026-03-13T17:42:38.982Z","scope":"kaneo:create-column","error":"Kaneo API POST /column/zwvpc74t7t99do45r4wzmg51 returned 409","projectId":"zwvpc74t7t99do45r4wzmg51","name":"To Do","msg":"createColumn failed"}
38 |     return new KaneoClassifiedError(message, kaneoError.unknown(error))
39 |   }
40 |   if (statusCode === 400) {
41 |     return new KaneoClassifiedError(message, kaneoError.validationFailed('unknown', message))
42 |   }
43 |   return new KaneoClassifiedError(message, systemError.unexpected(error))
              ^
KaneoClassifiedError: Kaneo API POST /column/zwvpc74t7t99do45r4wzmg51 returned 409
 appError: {
  type: "system",
  code: "unexpected",
  originalError: 139 | }
140 | 
141 | async function handleErrorResponse(response: Response, method: string, path: string): Promise<never> {
142 |   const responseBody = await fetchResponseBody(response)
143 |   log.error({ method, path, statusCode: response.status, responseBody }, 'Kaneo API error')
144 |   throw new KaneoApiError(`Kaneo API ${method} ${path} returned ${response.status}`, response.status, responseBody)
              ^
KaneoApiError: Kaneo API POST /column/zwvpc74t7t99do45r4wzmg51 returned 409
 statusCode: 409,
 responseBody: "Unable to read response body",

      at handleErrorResponse (/Users/ki/Projects/experiments/papai/src/kaneo/client.ts:144:9)
,
},

      at classifyApiError (/Users/ki/Projects/experiments/papai/src/kaneo/classify-error.ts:43:10)
      at create (/Users/ki/Projects/experiments/papai/src/kaneo/column-resource.ts:59:13)
      at async createColumn (/Users/ki/Projects/experiments/papai/src/kaneo/create-column.ts:31:41)
      at async <anonymous> (/Users/ki/Projects/experiments/papai/tests/e2e/user-workflows.test.ts:56:11)
(fail) E2E: User Workflows > project setup workflow [50.35ms]
{"level":30,"time":"2026-03-13T17:42:38.982Z","scope":"e2e:client","projectCount":1,"taskCount":0,"labelCount":0,"msg":"Starting cleanup"}
{"level":30,"time":"2026-03-13T17:42:38.990Z","scope":"kaneo:project-resource","projectId":"zwvpc74t7t99do45r4wzmg51","msg":"Project archived"}
{"level":30,"time":"2026-03-13T17:42:38.990Z","scope":"kaneo:archive-project","projectId":"zwvpc74t7t99do45r4wzmg51","msg":"Project archived (deleted)"}
{"level":30,"time":"2026-03-13T17:42:38.990Z","scope":"e2e:client","projectCount":1,"taskCount":0,"labelCount":0,"msg":"Cleanup complete"}
{"level":30,"time":"2026-03-13T17:42:39.015Z","scope":"kaneo:project-resource","projectId":"w6vfm81mz5nlixcvytueot9v","name":"Workflow Test 1773423758990","msg":"Project created"}
{"level":30,"time":"2026-03-13T17:42:39.015Z","scope":"kaneo:create-project","workspaceId":"iOdCMjVkzspu3LYwhFXMxlKmINmIfBqV","projectId":"w6vfm81mz5nlixcvytueot9v","name":"Workflow Test 1773423758990","msg":"Project created"}
{"level":30,"time":"2026-03-13T17:42:39.015Z","scope":"e2e:client","projectId":"w6vfm81mz5nlixcvytueot9v","name":"Workflow Test 1773423758990","msg":"Test project created"}
{"level":30,"time":"2026-03-13T17:42:39.027Z","scope":"kaneo:task-resource","taskId":"v4o97k0v3nv1whfr6jx0ytfo","number":1,"msg":"Task created"}
{"level":30,"time":"2026-03-13T17:42:39.027Z","scope":"kaneo:create-task","taskId":"v4o97k0v3nv1whfr6jx0ytfo","title":"Parent task","number":1,"msg":"Task created"}
{"level":30,"time":"2026-03-13T17:42:39.039Z","scope":"kaneo:task-resource","taskId":"j2nsnfydh7356z9n6vbqrqi3","number":2,"msg":"Task created"}
{"level":30,"time":"2026-03-13T17:42:39.039Z","scope":"kaneo:create-task","taskId":"j2nsnfydh7356z9n6vbqrqi3","title":"Child task","number":2,"msg":"Task created"}
{"level":30,"time":"2026-03-13T17:42:39.065Z","scope":"kaneo:task-relations","taskId":"j2nsnfydh7356z9n6vbqrqi3","relatedTaskId":"v4o97k0v3nv1whfr6jx0ytfo","type":"parent","msg":"Relation added"}
{"level":30,"time":"2026-03-13T17:42:39.065Z","scope":"kaneo:add-task-relation","taskId":"j2nsnfydh7356z9n6vbqrqi3","relatedTaskId":"v4o97k0v3nv1whfr6jx0ytfo","type":"parent","msg":"Relation added"}
{"level":30,"time":"2026-03-13T17:42:39.072Z","scope":"kaneo:task-resource","taskId":"j2nsnfydh7356z9n6vbqrqi3","number":2,"relationCount":1,"msg":"Task fetched"}
{"level":30,"time":"2026-03-13T17:42:39.072Z","scope":"kaneo:get-task","taskId":"j2nsnfydh7356z9n6vbqrqi3","number":2,"relationCount":1,"msg":"Task fetched"}
73 |     testClient.trackTask(childTask.id)
74 | 
75 |     await addTaskRelation({ config: kaneoConfig, taskId: childTask.id, relatedTaskId: parentTask.id, type: 'parent' })
76 | 
77 |     const childWithRel = await getTask({ config: kaneoConfig, taskId: childTask.id })
78 |     expect(childWithRel.description).toContain('parent:')
                                          ^
error: expect(received).toContain(expected)

Expected to contain: "parent:"
Received: ""

      at <anonymous> (/Users/ki/Projects/experiments/papai/tests/e2e/user-workflows.test.ts:78:38)
(fail) E2E: User Workflows > task dependencies workflow [89.69ms]
{"level":30,"time":"2026-03-13T17:42:39.072Z","scope":"e2e:client","projectCount":1,"taskCount":2,"labelCount":0,"msg":"Starting cleanup"}
{"level":30,"time":"2026-03-13T17:42:39.084Z","scope":"kaneo:task-resource","taskId":"v4o97k0v3nv1whfr6jx0ytfo","msg":"Task deleted"}
{"level":30,"time":"2026-03-13T17:42:39.084Z","scope":"kaneo:delete-task","taskId":"v4o97k0v3nv1whfr6jx0ytfo","msg":"Task deleted"}
{"level":30,"time":"2026-03-13T17:42:39.086Z","scope":"kaneo:task-resource","taskId":"j2nsnfydh7356z9n6vbqrqi3","msg":"Task deleted"}
{"level":30,"time":"2026-03-13T17:42:39.086Z","scope":"kaneo:delete-task","taskId":"j2nsnfydh7356z9n6vbqrqi3","msg":"Task deleted"}
{"level":30,"time":"2026-03-13T17:42:39.093Z","scope":"kaneo:project-resource","projectId":"w6vfm81mz5nlixcvytueot9v","msg":"Project archived"}
{"level":30,"time":"2026-03-13T17:42:39.093Z","scope":"kaneo:archive-project","projectId":"w6vfm81mz5nlixcvytueot9v","msg":"Project archived (deleted)"}
{"level":30,"time":"2026-03-13T17:42:39.093Z","scope":"e2e:client","projectCount":1,"taskCount":2,"labelCount":0,"msg":"Cleanup complete"}
{"level":30,"time":"2026-03-13T17:42:39.120Z","scope":"kaneo:project-resource","projectId":"lvssishk5pn4bucpvz1mpe6x","name":"Workflow Test 1773423759093","msg":"Project created"}
{"level":30,"time":"2026-03-13T17:42:39.120Z","scope":"kaneo:create-project","workspaceId":"iOdCMjVkzspu3LYwhFXMxlKmINmIfBqV","projectId":"lvssishk5pn4bucpvz1mpe6x","name":"Workflow Test 1773423759093","msg":"Project created"}
{"level":30,"time":"2026-03-13T17:42:39.121Z","scope":"e2e:client","projectId":"lvssishk5pn4bucpvz1mpe6x","name":"Workflow Test 1773423759093","msg":"Test project created"}
{"level":30,"time":"2026-03-13T17:42:39.134Z","scope":"kaneo:task-resource","taskId":"qw5arlmfph5ban56swb67b4r","number":1,"msg":"Task created"}
{"level":30,"time":"2026-03-13T17:42:39.134Z","scope":"kaneo:create-task","taskId":"qw5arlmfph5ban56swb67b4r","title":"Bulk task 1","number":1,"msg":"Task created"}
{"level":30,"time":"2026-03-13T17:42:39.146Z","scope":"kaneo:task-resource","taskId":"dri6ij0wcrb6jc5zl5tmjwfh","number":2,"msg":"Task created"}
{"level":30,"time":"2026-03-13T17:42:39.146Z","scope":"kaneo:create-task","taskId":"dri6ij0wcrb6jc5zl5tmjwfh","title":"Bulk task 2","number":2,"msg":"Task created"}
{"level":30,"time":"2026-03-13T17:42:39.158Z","scope":"kaneo:task-resource","taskId":"ife6ikmlq9qelukgrn55okf2","number":3,"msg":"Task created"}
{"level":30,"time":"2026-03-13T17:42:39.158Z","scope":"kaneo:create-task","taskId":"ife6ikmlq9qelukgrn55okf2","title":"Bulk task 3","number":3,"msg":"Task created"}
{"level":30,"time":"2026-03-13T17:42:39.168Z","scope":"kaneo:task-resource","taskId":"zxgfupuafuc0rc6o1j29ht9g","number":4,"msg":"Task created"}
{"level":30,"time":"2026-03-13T17:42:39.168Z","scope":"kaneo:create-task","taskId":"zxgfupuafuc0rc6o1j29ht9g","title":"Bulk task 4","number":4,"msg":"Task created"}
{"level":30,"time":"2026-03-13T17:42:39.181Z","scope":"kaneo:task-resource","taskId":"am9k2t6zqg6io9tfxxauamxs","number":5,"msg":"Task created"}
{"level":30,"time":"2026-03-13T17:42:39.181Z","scope":"kaneo:create-task","taskId":"am9k2t6zqg6io9tfxxauamxs","title":"Bulk task 5","number":5,"msg":"Task created"}
{"level":30,"time":"2026-03-13T17:42:39.202Z","scope":"kaneo:task-resource","taskId":"dri6ij0wcrb6jc5zl5tmjwfh","number":2,"msg":"Task updated"}
{"level":30,"time":"2026-03-13T17:42:39.202Z","scope":"kaneo:update-task","taskId":"dri6ij0wcrb6jc5zl5tmjwfh","number":2,"msg":"Task updated"}
{"level":30,"time":"2026-03-13T17:42:39.205Z","scope":"kaneo:task-resource","taskId":"qw5arlmfph5ban56swb67b4r","number":1,"msg":"Task updated"}
{"level":30,"time":"2026-03-13T17:42:39.205Z","scope":"kaneo:update-task","taskId":"qw5arlmfph5ban56swb67b4r","number":1,"msg":"Task updated"}
{"level":30,"time":"2026-03-13T17:42:39.300Z","scope":"kaneo:task-resource","taskId":"zxgfupuafuc0rc6o1j29ht9g","number":4,"msg":"Task updated"}
{"level":30,"time":"2026-03-13T17:42:39.301Z","scope":"kaneo:update-task","taskId":"zxgfupuafuc0rc6o1j29ht9g","number":4,"msg":"Task updated"}
{"level":30,"time":"2026-03-13T17:42:39.305Z","scope":"kaneo:task-resource","taskId":"ife6ikmlq9qelukgrn55okf2","number":3,"msg":"Task updated"}
{"level":30,"time":"2026-03-13T17:42:39.305Z","scope":"kaneo:update-task","taskId":"ife6ikmlq9qelukgrn55okf2","number":3,"msg":"Task updated"}
{"level":30,"time":"2026-03-13T17:42:39.306Z","scope":"kaneo:task-resource","taskId":"am9k2t6zqg6io9tfxxauamxs","number":5,"msg":"Task updated"}
{"level":30,"time":"2026-03-13T17:42:39.306Z","scope":"kaneo:update-task","taskId":"am9k2t6zqg6io9tfxxauamxs","number":5,"msg":"Task updated"}
{"level":30,"time":"2026-03-13T17:42:39.328Z","scope":"kaneo:task-resource","count":0,"msg":"Tasks listed"}
{"level":30,"time":"2026-03-13T17:42:39.328Z","scope":"kaneo:list-tasks","projectId":"lvssishk5pn4bucpvz1mpe6x","taskCount":0,"msg":"Tasks listed"}
91 |         updateTask({ config: kaneoConfig, taskId: task.id, priority: index < 3 ? 'high' : 'medium' }),
92 |       ),
93 |     )
94 | 
95 |     const projectTasks = await listTasks({ config: kaneoConfig, projectId })
96 |     expect(projectTasks.length).toBeGreaterThanOrEqual(5)
                                     ^
error: expect(received).toBeGreaterThanOrEqual(expected)

Expected: >= 5
Received: 0

      at <anonymous> (/Users/ki/Projects/experiments/papai/tests/e2e/user-workflows.test.ts:96:33)
(fail) E2E: User Workflows > bulk operations workflow [256.30ms]
{"level":30,"time":"2026-03-13T17:42:39.328Z","scope":"e2e:client","projectCount":1,"taskCount":5,"labelCount":0,"msg":"Starting cleanup"}
{"level":30,"time":"2026-03-13T17:42:39.349Z","scope":"kaneo:task-resource","taskId":"ife6ikmlq9qelukgrn55okf2","msg":"Task deleted"}
{"level":30,"time":"2026-03-13T17:42:39.349Z","scope":"kaneo:delete-task","taskId":"ife6ikmlq9qelukgrn55okf2","msg":"Task deleted"}
{"level":30,"time":"2026-03-13T17:42:39.353Z","scope":"kaneo:task-resource","taskId":"zxgfupuafuc0rc6o1j29ht9g","msg":"Task deleted"}
{"level":30,"time":"2026-03-13T17:42:39.353Z","scope":"kaneo:delete-task","taskId":"zxgfupuafuc0rc6o1j29ht9g","msg":"Task deleted"}
{"level":30,"time":"2026-03-13T17:42:39.353Z","scope":"kaneo:task-resource","taskId":"am9k2t6zqg6io9tfxxauamxs","msg":"Task deleted"}
{"level":30,"time":"2026-03-13T17:42:39.353Z","scope":"kaneo:delete-task","taskId":"am9k2t6zqg6io9tfxxauamxs","msg":"Task deleted"}
{"level":30,"time":"2026-03-13T17:42:39.354Z","scope":"kaneo:task-resource","taskId":"dri6ij0wcrb6jc5zl5tmjwfh","msg":"Task deleted"}
{"level":30,"time":"2026-03-13T17:42:39.354Z","scope":"kaneo:delete-task","taskId":"dri6ij0wcrb6jc5zl5tmjwfh","msg":"Task deleted"}
{"level":30,"time":"2026-03-13T17:42:39.357Z","scope":"kaneo:task-resource","taskId":"qw5arlmfph5ban56swb67b4r","msg":"Task deleted"}
{"level":30,"time":"2026-03-13T17:42:39.357Z","scope":"kaneo:delete-task","taskId":"qw5arlmfph5ban56swb67b4r","msg":"Task deleted"}
{"level":30,"time":"2026-03-13T17:42:39.366Z","scope":"kaneo:project-resource","projectId":"lvssishk5pn4bucpvz1mpe6x","msg":"Project archived"}
{"level":30,"time":"2026-03-13T17:42:39.366Z","scope":"kaneo:archive-project","projectId":"lvssishk5pn4bucpvz1mpe6x","msg":"Project archived (deleted)"}
{"level":30,"time":"2026-03-13T17:42:39.366Z","scope":"e2e:client","projectCount":1,"taskCount":5,"labelCount":0,"msg":"Cleanup complete"}
{"level":30,"time":"2026-03-13T17:42:39.398Z","scope":"kaneo:project-resource","projectId":"bjjwetl8dbuuyauzjlg3ukdh","name":"Workflow Test 1773423759366","msg":"Project created"}
{"level":30,"time":"2026-03-13T17:42:39.398Z","scope":"kaneo:create-project","workspaceId":"iOdCMjVkzspu3LYwhFXMxlKmINmIfBqV","projectId":"bjjwetl8dbuuyauzjlg3ukdh","name":"Workflow Test 1773423759366","msg":"Project created"}
{"level":30,"time":"2026-03-13T17:42:39.398Z","scope":"e2e:client","projectId":"bjjwetl8dbuuyauzjlg3ukdh","name":"Workflow Test 1773423759366","msg":"Test project created"}
{"level":30,"time":"2026-03-13T17:42:39.417Z","scope":"kaneo:task-resource","taskId":"t2qu4kcfkv3klif1j0jolxwg","number":1,"msg":"Task created"}
{"level":30,"time":"2026-03-13T17:42:39.417Z","scope":"kaneo:create-task","taskId":"t2qu4kcfkv3klif1j0jolxwg","title":"Task for handoff","number":1,"msg":"Task created"}
{"level":30,"time":"2026-03-13T17:42:39.428Z","scope":"kaneo:task-resource","taskId":"t2qu4kcfkv3klif1j0jolxwg","number":1,"msg":"Task updated"}
{"level":30,"time":"2026-03-13T17:42:39.428Z","scope":"kaneo:update-task","taskId":"t2qu4kcfkv3klif1j0jolxwg","number":1,"msg":"Task updated"}
{"level":30,"time":"2026-03-13T17:42:39.449Z","scope":"kaneo:comment-resource","taskId":"t2qu4kcfkv3klif1j0jolxwg","count":0,"msg":"Comments listed"}
{"level":50,"time":"2026-03-13T17:42:39.449Z","scope":"kaneo:comment-resource","error":"Failed to retrieve created comment: no comments found","msg":"Failed to add comment"}
{"level":50,"time":"2026-03-13T17:42:39.450Z","scope":"kaneo:add-comment","error":"Failed to retrieve created comment: no comments found","taskId":"t2qu4kcfkv3klif1j0jolxwg","msg":"addComment failed"}
61 |     if (message.includes('rate limit') || message.includes('429')) {
62 |       return new KaneoClassifiedError(error.message, kaneoError.rateLimited())
63 |     }
64 |   }
65 | 
66 |   return new KaneoClassifiedError(
              ^
KaneoClassifiedError: Failed to retrieve created comment: no comments found
 appError: {
  type: "system",
  code: "unexpected",
  originalError: 28 |       // We find the most recent comment instead of matching by text,
29 |       // because the API may transform text (trim whitespace, etc.) and
30 |       // text-based matching is fragile with duplicates
31 |       const comments = await this.list(taskId)
32 |       if (comments.length === 0) {
33 |         throw new Error('Failed to retrieve created comment: no comments found')
                       ^
error: Failed to retrieve created comment: no comments found
      at add (/Users/ki/Projects/experiments/papai/src/kaneo/comment-resource.ts:33:19)
      at async addComment (/Users/ki/Projects/experiments/papai/src/kaneo/add-comment.ts:21:42)
      at async <anonymous> (/Users/ki/Projects/experiments/papai/tests/e2e/user-workflows.test.ts:109:11)
,
},

      at classifyKaneoError (/Users/ki/Projects/experiments/papai/src/kaneo/classify-error.ts:66:10)
      at add (/Users/ki/Projects/experiments/papai/src/kaneo/comment-resource.ts:46:13)
      at async addComment (/Users/ki/Projects/experiments/papai/src/kaneo/add-comment.ts:21:42)
      at async <anonymous> (/Users/ki/Projects/experiments/papai/tests/e2e/user-workflows.test.ts:109:11)
(fail) E2E: User Workflows > task handoff workflow [121.46ms]
{"level":30,"time":"2026-03-13T17:42:39.450Z","scope":"e2e:setup","msg":"Tearing down E2E environment"}
{"level":30,"time":"2026-03-13T17:42:39.450Z","scope":"e2e:docker","msg":"Stopping Kaneo server"}
killed 1 dangling process
(fail) E2E: User Workflows > (unnamed) [5002.79ms]
  ^ a beforeEach/afterEach hook timed out for this test.
{"level":40,"time":"2026-03-13T17:42:44.456Z","scope":"e2e:docker","code":130,"stderr":" Container papai-papai-1  Stopping\n Container papai-caddy-1  Stopping\n Container papai-caddy-1  Stopped\n Container papai-caddy-1  Removing\n Container papai-caddy-1  Removed\n Container papai-kaneo-web-1  Stopping\n Container papai-papai-1  Stopped\n Container papai-papai-1  Removing\n Container papai-papai-1  Removed\n Container papai-kaneo-db-fix-1  Stopping\n Container papai-kaneo-db-fix-1  Stopped\n Container papai-kaneo-db-fix-1  Removing\n Container papai-kaneo-db-fix-1  Removed\n Container papai-kaneo-web-1  Error while Stopping\n\n","msg":"Kaneo server stop completed with warnings"}
{"level":30,"time":"2026-03-13T17:42:44.456Z","scope":"e2e:setup","baseUrl":"http://localhost:11337","publicUrl":"http://localhost:1337","msg":"Setting up E2E environment"}
{"level":30,"time":"2026-03-13T17:42:44.456Z","scope":"e2e:docker","msg":"Starting Kaneo server via Docker Compose"}
killed 1 dangling process

tests/e2e/task-relations.test.ts:
(fail) E2E: Task Relations > (unnamed) [5002.17ms]
  ^ a beforeEach/afterEach hook timed out for this test.
{"level":30,"time":"2026-03-13T17:42:49.459Z","scope":"e2e:setup","msg":"Tearing down E2E environment"}
{"level":30,"time":"2026-03-13T17:42:49.459Z","scope":"e2e:docker","msg":"Docker not started by this process, skipping stop"}
{"level":30,"time":"2026-03-13T17:42:49.462Z","scope":"e2e:setup","baseUrl":"http://localhost:11337","publicUrl":"http://localhost:1337","msg":"Setting up E2E environment"}
{"level":30,"time":"2026-03-13T17:42:49.462Z","scope":"e2e:docker","msg":"Starting Kaneo server via Docker Compose"}
{"level":50,"time":"2026-03-13T17:42:49.464Z","scope":"e2e:docker","code":130,"stderr":" Container papai-kaneo-postgres-1  Running\n Container papai-kaneo-web-1  Running\n Container papai-caddy-1  Creating\n Container papai-kaneo-db-fix-1  Creating\n caddy The requested image's platform (linux/amd64) does not match the detected host platform (linux/arm64/v8) and no specific platform was requested \n Container papai-caddy-1  Created\n kaneo-db-fix The requested image's platform (linux/amd64) does not match the detected host platform (linux/arm64/v8) and no specific platform was requested \n Container papai-kaneo-db-fix-1  Created\n Container papai-papai-1  Creating\n papai The requested image's platform (linux/amd64) does not match the detected host platform (linux/arm64/v8) and no specific platform was requested \n Container papai-papai-1  Created\n Container papai-kaneo-postgres-1  Waiting\n Container papai-kaneo-postgres-1  Healthy\n Container papai-kaneo-api-1  Starting\n Container papai-kaneo-api-1  Started\n Container papai-kaneo-api-1  Waiting\n Container papai-caddy-1  Starting\n Container papai-caddy-1  Started\n Container papai-kaneo-db-fix-1  Starting\n\n","msg":"Failed to start Kaneo server"}
{"level":50,"time":"2026-03-13T17:42:49.465Z","scope":"e2e:setup","error":"Docker compose up failed with code 130:  Container papai-kaneo-postgres-1  Running\n Container papai-kaneo-web-1  Running\n Container papai-caddy-1  Creating\n Container papai-kaneo-db-fix-1  Creating\n caddy The requested image's platform (linux/amd64) does not match the detected host platform (linux/arm64/v8) and no specific platform was requested \n Container papai-caddy-1  Created\n kaneo-db-fix The requested image's platform (linux/amd64) does not match the detected host platform (linux/arm64/v8) and no specific platform was requested \n Container papai-kaneo-db-fix-1  Created\n Container papai-papai-1  Creating\n papai The requested image's platform (linux/amd64) does not match the detected host platform (linux/arm64/v8) and no specific platform was requested \n Container papai-papai-1  Created\n Container papai-kaneo-postgres-1  Waiting\n Container papai-kaneo-postgres-1  Healthy\n Container papai-kaneo-api-1  Starting\n Container papai-kaneo-api-1  Started\n Container papai-kaneo-api-1  Waiting\n Container papai-caddy-1  Starting\n Container papai-caddy-1  Started\n Container papai-kaneo-db-fix-1  Starting\n\n","msg":"Failed to start Kaneo server"}
{"level":50,"time":"2026-03-13T17:42:51.807Z","scope":"e2e:docker","code":1,"stderr":" Container papai-kaneo-postgres-1  Running\n Container papai-kaneo-api-1  Running\n Container papai-kaneo-web-1  Running\n Container papai-caddy-1  Running\n Container papai-kaneo-postgres-1  Waiting\n Container papai-kaneo-postgres-1  Healthy\n Container papai-kaneo-api-1  Waiting\n Container papai-kaneo-api-1  Healthy\n Container papai-kaneo-db-fix-1  Starting\n Container papai-kaneo-db-fix-1  Started\n Container papai-kaneo-db-fix-1  Waiting\n Container papai-kaneo-api-1  Waiting\n Container papai-kaneo-api-1  Healthy\n Container papai-kaneo-db-fix-1  Exited\n Container papai-papai-1  Starting\n Container papai-papai-1  Started\n Container papai-kaneo-api-1  Waiting\n Container papai-kaneo-web-1  Waiting\n Container papai-caddy-1  Waiting\n Container papai-kaneo-db-fix-1  Waiting\n Container papai-papai-1  Waiting\n Container papai-kaneo-postgres-1  Waiting\n Container papai-papai-1  Healthy\n Container papai-kaneo-db-fix-1  Exited\n Container papai-kaneo-api-1  Healthy\n Container papai-caddy-1  Healthy\n Container papai-kaneo-postgres-1  Healthy\ncontainer papai-kaneo-web-1 exited (137)\n","msg":"Failed to start Kaneo server"}
{"level":50,"time":"2026-03-13T17:42:51.807Z","scope":"e2e:setup","error":"Docker compose up failed with code 1:  Container papai-kaneo-postgres-1  Running\n Container papai-kaneo-api-1  Running\n Container papai-kaneo-web-1  Running\n Container papai-caddy-1  Running\n Container papai-kaneo-postgres-1  Waiting\n Container papai-kaneo-postgres-1  Healthy\n Container papai-kaneo-api-1  Waiting\n Container papai-kaneo-api-1  Healthy\n Container papai-kaneo-db-fix-1  Starting\n Container papai-kaneo-db-fix-1  Started\n Container papai-kaneo-db-fix-1  Waiting\n Container papai-kaneo-api-1  Waiting\n Container papai-kaneo-api-1  Healthy\n Container papai-kaneo-db-fix-1  Exited\n Container papai-papai-1  Starting\n Container papai-papai-1  Started\n Container papai-kaneo-api-1  Waiting\n Container papai-kaneo-web-1  Waiting\n Container papai-caddy-1  Waiting\n Container papai-kaneo-db-fix-1  Waiting\n Container papai-papai-1  Waiting\n Container papai-kaneo-postgres-1  Waiting\n Container papai-papai-1  Healthy\n Container papai-kaneo-db-fix-1  Exited\n Container papai-kaneo-api-1  Healthy\n Container papai-caddy-1  Healthy\n Container papai-kaneo-postgres-1  Healthy\ncontainer papai-kaneo-web-1 exited (137)\n","msg":"Failed to start Kaneo server"}

tests/e2e/task-archive.test.ts:
41 |         log.info('Kaneo server started successfully')
42 |         dockerStarted = true
43 |         resolve()
44 |       } else {
45 |         log.error({ code, stderr }, 'Failed to start Kaneo server')
46 |         reject(new Error(`Docker compose up failed with code ${code}: ${stderr}`))
                        ^
error: Docker compose up failed with code 1:  Container papai-kaneo-postgres-1  Running
 Container papai-kaneo-api-1  Running
 Container papai-kaneo-web-1  Running
 Container papai-caddy-1  Running
 Container papai-kaneo-postgres-1  Waiting
 Container papai-kaneo-postgres-1  Healthy
 Container papai-kaneo-api-1  Waiting
 Container papai-kaneo-api-1  Healthy
 Container papai-kaneo-db-fix-1  Starting
 Container papai-kaneo-db-fix-1  Started
 Container papai-kaneo-db-fix-1  Waiting
 Container papai-kaneo-api-1  Waiting
 Container papai-kaneo-api-1  Healthy
 Container papai-kaneo-db-fix-1  Exited
 Container papai-papai-1  Starting
 Container papai-papai-1  Started
 Container papai-kaneo-api-1  Waiting
 Container papai-kaneo-web-1  Waiting
 Container papai-caddy-1  Waiting
 Container papai-kaneo-db-fix-1  Waiting
 Container papai-papai-1  Waiting
 Container papai-kaneo-postgres-1  Waiting
 Container papai-papai-1  Healthy
 Container papai-kaneo-db-fix-1  Exited
 Container papai-kaneo-api-1  Healthy
 Container papai-caddy-1  Healthy
 Container papai-kaneo-postgres-1  Healthy
container papai-kaneo-web-1 exited (137)

      at <anonymous> (/Users/ki/Projects/experiments/papai/tests/e2e/docker-lifecycle.ts:46:20)
      at emit (node:events:98:22)
      at #maybeClose (node:child_process:766:16)
      at #handleOnExit (node:child_process:520:72)
(fail) E2E: Task Archive > (unnamed) [2345.69ms]
{"level":30,"time":"2026-03-13T17:42:51.808Z","scope":"e2e:setup","msg":"Tearing down E2E environment"}
{"level":30,"time":"2026-03-13T17:42:51.808Z","scope":"e2e:docker","msg":"Docker not started by this process, skipping stop"}
{"level":30,"time":"2026-03-13T17:42:51.809Z","scope":"e2e:setup","baseUrl":"http://localhost:11337","publicUrl":"http://localhost:1337","msg":"Setting up E2E environment"}
{"level":30,"time":"2026-03-13T17:42:51.809Z","scope":"e2e:docker","msg":"Starting Kaneo server via Docker Compose"}
{"level":30,"time":"2026-03-13T17:42:53.991Z","scope":"e2e:docker","msg":"Kaneo server started successfully"}
{"level":30,"time":"2026-03-13T17:42:53.991Z","scope":"e2e:setup","healthUrl":"http://localhost:11337/api/health","msg":"Waiting for Kaneo server to be healthy"}
{"level":30,"time":"2026-03-13T17:42:53.996Z","scope":"e2e:setup","attempts":1,"msg":"Kaneo server is healthy"}
{"level":30,"time":"2026-03-13T17:42:53.996Z","scope":"kaneo:provision","telegramId":1000773995,"email":"e2e-test-1773423773996@pap.ai","msg":"Provisioning Kaneo user account"}
{"level":30,"time":"2026-03-13T17:42:54.287Z","scope":"kaneo:provision","telegramId":1000773995,"msg":"Created API key for provisioned user"}
{"level":30,"time":"2026-03-13T17:42:54.287Z","scope":"kaneo:provision","telegramId":1000773995,"workspaceId":"bu4lai7PQaQgoSRvQ2RtUn7W2kv3midC","msg":"Kaneo user provisioned"}
{"level":30,"time":"2026-03-13T17:42:54.287Z","scope":"e2e:setup","workspaceId":"bu4lai7PQaQgoSRvQ2RtUn7W2kv3midC","msg":"E2E environment setup complete"}
{"level":30,"time":"2026-03-13T17:42:54.288Z","scope":"e2e:client","projectCount":0,"taskCount":0,"labelCount":0,"msg":"Starting cleanup"}
{"level":30,"time":"2026-03-13T17:42:54.288Z","scope":"e2e:client","projectCount":0,"taskCount":0,"labelCount":0,"msg":"Cleanup complete"}
{"level":30,"time":"2026-03-13T17:42:54.318Z","scope":"kaneo:project-resource","projectId":"tma219aapt0najrw99z8j6ap","name":"E2E Test 1773423774288","msg":"Project created"}
{"level":30,"time":"2026-03-13T17:42:54.318Z","scope":"kaneo:create-project","workspaceId":"bu4lai7PQaQgoSRvQ2RtUn7W2kv3midC","projectId":"tma219aapt0najrw99z8j6ap","name":"E2E Test 1773423774288","msg":"Project created"}
{"level":30,"time":"2026-03-13T17:42:54.318Z","scope":"e2e:client","projectId":"tma219aapt0najrw99z8j6ap","name":"E2E Test 1773423774288","msg":"Test project created"}
{"level":30,"time":"2026-03-13T17:42:54.336Z","scope":"kaneo:task-resource","taskId":"rgxk2u62ljrbqsh98xy55c00","number":1,"msg":"Task created"}
{"level":30,"time":"2026-03-13T17:42:54.336Z","scope":"kaneo:create-task","taskId":"rgxk2u62ljrbqsh98xy55c00","title":"E2E Test Task","number":1,"msg":"Task created"}
{"level":30,"time":"2026-03-13T17:42:54.362Z","scope":"kaneo:task-resource","taskId":"rgxk2u62ljrbqsh98xy55c00","number":1,"relationCount":0,"msg":"Task fetched"}
{"level":30,"time":"2026-03-13T17:42:54.362Z","scope":"kaneo:get-task","taskId":"rgxk2u62ljrbqsh98xy55c00","number":1,"relationCount":0,"msg":"Task fetched"}
{"level":30,"time":"2026-03-13T17:42:54.362Z","scope":"e2e:client","projectCount":1,"taskCount":1,"labelCount":0,"msg":"Starting cleanup"}
{"level":30,"time":"2026-03-13T17:42:54.378Z","scope":"kaneo:task-resource","taskId":"rgxk2u62ljrbqsh98xy55c00","msg":"Task deleted"}
{"level":30,"time":"2026-03-13T17:42:54.378Z","scope":"kaneo:delete-task","taskId":"rgxk2u62ljrbqsh98xy55c00","msg":"Task deleted"}
{"level":30,"time":"2026-03-13T17:42:54.390Z","scope":"kaneo:project-resource","projectId":"tma219aapt0najrw99z8j6ap","msg":"Project archived"}
{"level":30,"time":"2026-03-13T17:42:54.390Z","scope":"kaneo:archive-project","projectId":"tma219aapt0najrw99z8j6ap","msg":"Project archived (deleted)"}
{"level":30,"time":"2026-03-13T17:42:54.390Z","scope":"e2e:client","projectCount":1,"taskCount":1,"labelCount":0,"msg":"Cleanup complete"}
{"level":30,"time":"2026-03-13T17:42:54.429Z","scope":"kaneo:project-resource","projectId":"tyoq5ax1o25pkupysr1vgm5e","name":"E2E Test 1773423774390","msg":"Project created"}
{"level":30,"time":"2026-03-13T17:42:54.429Z","scope":"kaneo:create-project","workspaceId":"bu4lai7PQaQgoSRvQ2RtUn7W2kv3midC","projectId":"tyoq5ax1o25pkupysr1vgm5e","name":"E2E Test 1773423774390","msg":"Project created"}
{"level":30,"time":"2026-03-13T17:42:54.429Z","scope":"e2e:client","projectId":"tyoq5ax1o25pkupysr1vgm5e","name":"E2E Test 1773423774390","msg":"Test project created"}
{"level":30,"time":"2026-03-13T17:42:54.449Z","scope":"kaneo:task-resource","taskId":"wd6vpg5f9i2owj78ziwr2w1x","number":1,"msg":"Task created"}
{"level":30,"time":"2026-03-13T17:42:54.450Z","scope":"kaneo:create-task","taskId":"wd6vpg5f9i2owj78ziwr2w1x","title":"Original Title","number":1,"msg":"Task created"}
{"level":30,"time":"2026-03-13T17:42:54.484Z","scope":"kaneo:task-resource","taskId":"wd6vpg5f9i2owj78ziwr2w1x","number":1,"msg":"Task updated"}
{"level":30,"time":"2026-03-13T17:42:54.484Z","scope":"kaneo:update-task","taskId":"wd6vpg5f9i2owj78ziwr2w1x","number":1,"msg":"Task updated"}
{"level":30,"time":"2026-03-13T17:42:54.567Z","scope":"kaneo:task-resource","taskId":"wd6vpg5f9i2owj78ziwr2w1x","number":1,"relationCount":0,"msg":"Task fetched"}
{"level":30,"time":"2026-03-13T17:42:54.567Z","scope":"kaneo:get-task","taskId":"wd6vpg5f9i2owj78ziwr2w1x","number":1,"relationCount":0,"msg":"Task fetched"}
{"level":30,"time":"2026-03-13T17:42:54.567Z","scope":"e2e:client","projectCount":1,"taskCount":1,"labelCount":0,"msg":"Starting cleanup"}
{"level":30,"time":"2026-03-13T17:42:54.588Z","scope":"kaneo:task-resource","taskId":"wd6vpg5f9i2owj78ziwr2w1x","msg":"Task deleted"}
{"level":30,"time":"2026-03-13T17:42:54.588Z","scope":"kaneo:delete-task","taskId":"wd6vpg5f9i2owj78ziwr2w1x","msg":"Task deleted"}
{"level":30,"time":"2026-03-13T17:42:54.599Z","scope":"kaneo:project-resource","projectId":"tyoq5ax1o25pkupysr1vgm5e","msg":"Project archived"}
{"level":30,"time":"2026-03-13T17:42:54.599Z","scope":"kaneo:archive-project","projectId":"tyoq5ax1o25pkupysr1vgm5e","msg":"Project archived (deleted)"}
{"level":30,"time":"2026-03-13T17:42:54.599Z","scope":"e2e:client","projectCount":1,"taskCount":1,"labelCount":0,"msg":"Cleanup complete"}
{"level":30,"time":"2026-03-13T17:42:54.634Z","scope":"kaneo:project-resource","projectId":"lel6k4w2m0evuudkb8yvh1i2","name":"E2E Test 1773423774599","msg":"Project created"}
{"level":30,"time":"2026-03-13T17:42:54.634Z","scope":"kaneo:create-project","workspaceId":"bu4lai7PQaQgoSRvQ2RtUn7W2kv3midC","projectId":"lel6k4w2m0evuudkb8yvh1i2","name":"E2E Test 1773423774599","msg":"Project created"}
{"level":30,"time":"2026-03-13T17:42:54.634Z","scope":"e2e:client","projectId":"lel6k4w2m0evuudkb8yvh1i2","name":"E2E Test 1773423774599","msg":"Test project created"}
{"level":30,"time":"2026-03-13T17:42:54.657Z","scope":"kaneo:task-resource","taskId":"dinacwoswkjhhrczf6eafu5x","number":1,"msg":"Task created"}
{"level":30,"time":"2026-03-13T17:42:54.657Z","scope":"kaneo:create-task","taskId":"dinacwoswkjhhrczf6eafu5x","title":"Task with searchtest1773423774634 in title","number":1,"msg":"Task created"}
{"level":30,"time":"2026-03-13T17:42:54.677Z","scope":"kaneo:task-resource","count":1,"msg":"Tasks searched"}
{"level":30,"time":"2026-03-13T17:42:54.677Z","scope":"kaneo:search-tasks","query":"searchtest1773423774634","resultCount":1,"msg":"Tasks searched"}
{"level":30,"time":"2026-03-13T17:42:54.677Z","scope":"e2e:client","projectCount":1,"taskCount":1,"labelCount":0,"msg":"Starting cleanup"}
{"level":30,"time":"2026-03-13T17:42:54.687Z","scope":"kaneo:task-resource","taskId":"dinacwoswkjhhrczf6eafu5x","msg":"Task deleted"}
{"level":30,"time":"2026-03-13T17:42:54.687Z","scope":"kaneo:delete-task","taskId":"dinacwoswkjhhrczf6eafu5x","msg":"Task deleted"}
{"level":30,"time":"2026-03-13T17:42:54.697Z","scope":"kaneo:project-resource","projectId":"lel6k4w2m0evuudkb8yvh1i2","msg":"Project archived"}
{"level":30,"time":"2026-03-13T17:42:54.698Z","scope":"kaneo:archive-project","projectId":"lel6k4w2m0evuudkb8yvh1i2","msg":"Project archived (deleted)"}
{"level":30,"time":"2026-03-13T17:42:54.698Z","scope":"e2e:client","projectCount":1,"taskCount":1,"labelCount":0,"msg":"Cleanup complete"}
{"level":30,"time":"2026-03-13T17:42:54.726Z","scope":"kaneo:project-resource","projectId":"rn9w6aa8q2ays191fjp47h81","name":"E2E Test 1773423774698","msg":"Project created"}
{"level":30,"time":"2026-03-13T17:42:54.726Z","scope":"kaneo:create-project","workspaceId":"bu4lai7PQaQgoSRvQ2RtUn7W2kv3midC","projectId":"rn9w6aa8q2ays191fjp47h81","name":"E2E Test 1773423774698","msg":"Project created"}
{"level":30,"time":"2026-03-13T17:42:54.726Z","scope":"e2e:client","projectId":"rn9w6aa8q2ays191fjp47h81","name":"E2E Test 1773423774698","msg":"Test project created"}
{"level":30,"time":"2026-03-13T17:42:54.739Z","scope":"kaneo:task-resource","taskId":"mo1k1fu9xgapdpj67qiyf7p2","number":1,"msg":"Task created"}
{"level":30,"time":"2026-03-13T17:42:54.739Z","scope":"kaneo:create-task","taskId":"mo1k1fu9xgapdpj67qiyf7p2","title":"Full Task","number":1,"msg":"Task created"}
{"level":30,"time":"2026-03-13T17:42:54.746Z","scope":"kaneo:task-resource","taskId":"mo1k1fu9xgapdpj67qiyf7p2","number":1,"relationCount":0,"msg":"Task fetched"}
{"level":30,"time":"2026-03-13T17:42:54.746Z","scope":"kaneo:get-task","taskId":"mo1k1fu9xgapdpj67qiyf7p2","number":1,"relationCount":0,"msg":"Task fetched"}
{"level":30,"time":"2026-03-13T17:42:54.746Z","scope":"e2e:setup","msg":"Tearing down E2E environment"}
{"level":30,"time":"2026-03-13T17:42:54.746Z","scope":"e2e:docker","msg":"Stopping Kaneo server"}
killed 1 dangling process

tests/e2e/task-lifecycle.test.ts:
(fail) E2E: Task Lifecycle > (unnamed) [5002.64ms]
  ^ a beforeEach/afterEach hook timed out for this test.
{"level":30,"time":"2026-03-13T17:42:59.751Z","scope":"e2e:setup","baseUrl":"http://localhost:11337","publicUrl":"http://localhost:1337","msg":"Setting up E2E environment"}
{"level":30,"time":"2026-03-13T17:42:59.752Z","scope":"e2e:docker","msg":"Docker already started, skipping"}
{"level":30,"time":"2026-03-13T17:42:59.752Z","scope":"e2e:setup","healthUrl":"http://localhost:11337/api/health","msg":"Waiting for Kaneo server to be healthy"}
{"level":40,"time":"2026-03-13T17:42:59.753Z","scope":"e2e:docker","code":130,"stderr":" Container papai-caddy-1  Stopping\n Container papai-papai-1  Stopping\n Container papai-caddy-1  Stopped\n Container papai-caddy-1  Removing\n Container papai-caddy-1  Removed\n Container papai-kaneo-web-1  Stopping\n Container papai-papai-1  Stopped\n Container papai-papai-1  Removing\n Container papai-papai-1  Removed\n Container papai-kaneo-db-fix-1  Stopping\n Container papai-kaneo-db-fix-1  Stopped\n Container papai-kaneo-db-fix-1  Removing\n Container papai-kaneo-db-fix-1  Removed\n Container papai-kaneo-web-1  Error while Stopping\n\n","msg":"Kaneo server stop completed with warnings"}
{"level":30,"time":"2026-03-13T17:42:59.755Z","scope":"e2e:setup","attempts":1,"msg":"Kaneo server is healthy"}
{"level":30,"time":"2026-03-13T17:42:59.755Z","scope":"kaneo:provision","telegramId":1000779754,"email":"e2e-test-1773423779755@pap.ai","msg":"Provisioning Kaneo user account"}
{"level":30,"time":"2026-03-13T17:42:59.895Z","scope":"kaneo:provision","telegramId":1000779754,"msg":"Created API key for provisioned user"}
{"level":30,"time":"2026-03-13T17:42:59.895Z","scope":"kaneo:provision","telegramId":1000779754,"workspaceId":"XjW80YAuoPnwqVDvxRBw0Cbf6JIPvTuv","msg":"Kaneo user provisioned"}
{"level":30,"time":"2026-03-13T17:42:59.895Z","scope":"e2e:setup","workspaceId":"XjW80YAuoPnwqVDvxRBw0Cbf6JIPvTuv","msg":"E2E environment setup complete"}
{"level":30,"time":"2026-03-13T17:42:59.895Z","scope":"e2e:client","projectCount":0,"taskCount":0,"labelCount":0,"msg":"Starting cleanup"}
{"level":30,"time":"2026-03-13T17:42:59.895Z","scope":"e2e:client","projectCount":0,"taskCount":0,"labelCount":0,"msg":"Cleanup complete"}
{"level":30,"time":"2026-03-13T17:42:59.919Z","scope":"kaneo:project-resource","projectId":"gmi6xbu80pcotdsudiw11oua","name":"Search Test 1773423779895","msg":"Project created"}
{"level":30,"time":"2026-03-13T17:42:59.919Z","scope":"kaneo:create-project","workspaceId":"XjW80YAuoPnwqVDvxRBw0Cbf6JIPvTuv","projectId":"gmi6xbu80pcotdsudiw11oua","name":"Search Test 1773423779895","msg":"Project created"}
{"level":30,"time":"2026-03-13T17:42:59.919Z","scope":"e2e:client","projectId":"gmi6xbu80pcotdsudiw11oua","name":"Search Test 1773423779895","msg":"Test project created"}
{"level":30,"time":"2026-03-13T17:42:59.932Z","scope":"kaneo:task-resource","taskId":"wss7lbbuwu68sjknbe7fgq09","number":1,"msg":"Task created"}
{"level":30,"time":"2026-03-13T17:42:59.932Z","scope":"kaneo:create-task","taskId":"wss7lbbuwu68sjknbe7fgq09","title":"Task with searchable1773423779919","number":1,"msg":"Task created"}
{"level":30,"time":"2026-03-13T17:42:59.944Z","scope":"kaneo:task-resource","taskId":"sp2lblgvj25p3lz9zse4h7cy","number":2,"msg":"Task created"}
{"level":30,"time":"2026-03-13T17:42:59.944Z","scope":"kaneo:create-task","taskId":"sp2lblgvj25p3lz9zse4h7cy","title":"Regular task","number":2,"msg":"Task created"}
{"level":30,"time":"2026-03-13T17:42:59.950Z","scope":"kaneo:task-resource","count":1,"msg":"Tasks searched"}
{"level":30,"time":"2026-03-13T17:42:59.950Z","scope":"kaneo:search-tasks","query":"searchable1773423779919","resultCount":1,"msg":"Tasks searched"}
{"level":30,"time":"2026-03-13T17:42:59.950Z","scope":"e2e:client","projectCount":1,"taskCount":2,"labelCount":0,"msg":"Starting cleanup"}
{"level":30,"time":"2026-03-13T17:42:59.963Z","scope":"kaneo:task-resource","taskId":"wss7lbbuwu68sjknbe7fgq09","msg":"Task deleted"}
{"level":30,"time":"2026-03-13T17:42:59.963Z","scope":"kaneo:delete-task","taskId":"wss7lbbuwu68sjknbe7fgq09","msg":"Task deleted"}
{"level":30,"time":"2026-03-13T17:42:59.965Z","scope":"kaneo:task-resource","taskId":"sp2lblgvj25p3lz9zse4h7cy","msg":"Task deleted"}
{"level":30,"time":"2026-03-13T17:42:59.965Z","scope":"kaneo:delete-task","taskId":"sp2lblgvj25p3lz9zse4h7cy","msg":"Task deleted"}
{"level":30,"time":"2026-03-13T17:42:59.974Z","scope":"kaneo:project-resource","projectId":"gmi6xbu80pcotdsudiw11oua","msg":"Project archived"}
{"level":30,"time":"2026-03-13T17:42:59.974Z","scope":"kaneo:archive-project","projectId":"gmi6xbu80pcotdsudiw11oua","msg":"Project archived (deleted)"}
{"level":30,"time":"2026-03-13T17:42:59.974Z","scope":"e2e:client","projectCount":1,"taskCount":2,"labelCount":0,"msg":"Cleanup complete"}
{"level":30,"time":"2026-03-13T17:42:59.998Z","scope":"kaneo:project-resource","projectId":"c6pco3ihlm5labho8xnwcb6b","name":"Search Test 1773423779974","msg":"Project created"}
{"level":30,"time":"2026-03-13T17:42:59.998Z","scope":"kaneo:create-project","workspaceId":"XjW80YAuoPnwqVDvxRBw0Cbf6JIPvTuv","projectId":"c6pco3ihlm5labho8xnwcb6b","name":"Search Test 1773423779974","msg":"Project created"}
{"level":30,"time":"2026-03-13T17:42:59.998Z","scope":"e2e:client","projectId":"c6pco3ihlm5labho8xnwcb6b","name":"Search Test 1773423779974","msg":"Test project created"}
{"level":30,"time":"2026-03-13T17:43:00.011Z","scope":"kaneo:task-resource","taskId":"pcw9m5rcerp8qh5lisi5uzjl","number":1,"msg":"Task created"}
{"level":30,"time":"2026-03-13T17:43:00.011Z","scope":"kaneo:create-task","taskId":"pcw9m5rcerp8qh5lisi5uzjl","title":"Cross project crossproject1773423779999","number":1,"msg":"Task created"}
{"level":30,"time":"2026-03-13T17:43:00.022Z","scope":"kaneo:task-resource","count":1,"msg":"Tasks searched"}
{"level":30,"time":"2026-03-13T17:43:00.022Z","scope":"kaneo:search-tasks","query":"crossproject1773423779999","resultCount":1,"msg":"Tasks searched"}
{"level":30,"time":"2026-03-13T17:43:00.023Z","scope":"e2e:client","projectCount":1,"taskCount":1,"labelCount":0,"msg":"Starting cleanup"}
{"level":30,"time":"2026-03-13T17:43:00.030Z","scope":"kaneo:task-resource","taskId":"pcw9m5rcerp8qh5lisi5uzjl","msg":"Task deleted"}
{"level":30,"time":"2026-03-13T17:43:00.031Z","scope":"kaneo:delete-task","taskId":"pcw9m5rcerp8qh5lisi5uzjl","msg":"Task deleted"}
{"level":30,"time":"2026-03-13T17:43:00.038Z","scope":"kaneo:project-resource","projectId":"c6pco3ihlm5labho8xnwcb6b","msg":"Project archived"}
{"level":30,"time":"2026-03-13T17:43:00.038Z","scope":"kaneo:archive-project","projectId":"c6pco3ihlm5labho8xnwcb6b","msg":"Project archived (deleted)"}
{"level":30,"time":"2026-03-13T17:43:00.038Z","scope":"e2e:client","projectCount":1,"taskCount":1,"labelCount":0,"msg":"Cleanup complete"}
{"level":30,"time":"2026-03-13T17:43:00.060Z","scope":"kaneo:project-resource","projectId":"s3hjz2xriavr8lrru92jqfhx","name":"Search Test 1773423780038","msg":"Project created"}
{"level":30,"time":"2026-03-13T17:43:00.060Z","scope":"kaneo:create-project","workspaceId":"XjW80YAuoPnwqVDvxRBw0Cbf6JIPvTuv","projectId":"s3hjz2xriavr8lrru92jqfhx","name":"Search Test 1773423780038","msg":"Project created"}
{"level":30,"time":"2026-03-13T17:43:00.060Z","scope":"e2e:client","projectId":"s3hjz2xriavr8lrru92jqfhx","name":"Search Test 1773423780038","msg":"Test project created"}
{"level":30,"time":"2026-03-13T17:43:00.067Z","scope":"kaneo:task-resource","count":0,"msg":"Tasks searched"}
{"level":30,"time":"2026-03-13T17:43:00.067Z","scope":"kaneo:search-tasks","query":"nonexistent1773423780061","resultCount":0,"msg":"Tasks searched"}
{"level":30,"time":"2026-03-13T17:43:00.067Z","scope":"e2e:setup","msg":"Tearing down E2E environment"}
{"level":30,"time":"2026-03-13T17:43:00.067Z","scope":"e2e:docker","msg":"Docker not started by this process, skipping stop"}
{"level":30,"time":"2026-03-13T17:43:00.069Z","scope":"e2e:setup","baseUrl":"http://localhost:11337","publicUrl":"http://localhost:1337","msg":"Setting up E2E environment"}
{"level":30,"time":"2026-03-13T17:43:00.069Z","scope":"e2e:docker","msg":"Starting Kaneo server via Docker Compose"}
{"level":30,"time":"2026-03-13T17:43:02.373Z","scope":"e2e:docker","msg":"Kaneo server started successfully"}
{"level":30,"time":"2026-03-13T17:43:02.373Z","scope":"e2e:setup","healthUrl":"http://localhost:11337/api/health","msg":"Waiting for Kaneo server to be healthy"}
{"level":30,"time":"2026-03-13T17:43:02.375Z","scope":"e2e:setup","attempts":1,"msg":"Kaneo server is healthy"}
{"level":30,"time":"2026-03-13T17:43:02.375Z","scope":"kaneo:provision","telegramId":1000782374,"email":"e2e-test-1773423782375@pap.ai","msg":"Provisioning Kaneo user account"}
{"level":30,"time":"2026-03-13T17:43:02.517Z","scope":"kaneo:provision","telegramId":1000782374,"msg":"Created API key for provisioned user"}
{"level":30,"time":"2026-03-13T17:43:02.517Z","scope":"kaneo:provision","telegramId":1000782374,"workspaceId":"Op5jBG5zpWK5O0quQH3xnZoIYiinT5k7","msg":"Kaneo user provisioned"}
{"level":30,"time":"2026-03-13T17:43:02.517Z","scope":"e2e:setup","workspaceId":"Op5jBG5zpWK5O0quQH3xnZoIYiinT5k7","msg":"E2E environment setup complete"}
{"level":30,"time":"2026-03-13T17:43:02.517Z","scope":"e2e:client","projectCount":0,"taskCount":0,"labelCount":0,"msg":"Starting cleanup"}
{"level":30,"time":"2026-03-13T17:43:02.517Z","scope":"e2e:client","projectCount":0,"taskCount":0,"labelCount":0,"msg":"Cleanup complete"}
{"level":30,"time":"2026-03-13T17:43:02.543Z","scope":"kaneo:project-resource","projectId":"qrkgyahnqa7bgw0yavxkbuer","name":"Label Ops Test 1773423782517","msg":"Project created"}
{"level":30,"time":"2026-03-13T17:43:02.543Z","scope":"kaneo:create-project","workspaceId":"Op5jBG5zpWK5O0quQH3xnZoIYiinT5k7","projectId":"qrkgyahnqa7bgw0yavxkbuer","name":"Label Ops Test 1773423782517","msg":"Project created"}
{"level":30,"time":"2026-03-13T17:43:02.543Z","scope":"e2e:client","projectId":"qrkgyahnqa7bgw0yavxkbuer","name":"Label Ops Test 1773423782517","msg":"Test project created"}
{"level":30,"time":"2026-03-13T17:43:02.553Z","scope":"kaneo:label-resource","labelId":"h7rt2kljx2rpz7qqdiasuuro","name":"Bug","msg":"Label created"}
{"level":30,"time":"2026-03-13T17:43:02.553Z","scope":"kaneo:create-label","workspaceId":"Op5jBG5zpWK5O0quQH3xnZoIYiinT5k7","labelId":"h7rt2kljx2rpz7qqdiasuuro","name":"Bug","msg":"Label created"}
{"level":30,"time":"2026-03-13T17:43:02.553Z","scope":"e2e:client","projectCount":1,"taskCount":0,"labelCount":1,"msg":"Starting cleanup"}
{"level":30,"time":"2026-03-13T17:43:02.561Z","scope":"kaneo:project-resource","projectId":"qrkgyahnqa7bgw0yavxkbuer","msg":"Project archived"}
{"level":30,"time":"2026-03-13T17:43:02.561Z","scope":"kaneo:archive-project","projectId":"qrkgyahnqa7bgw0yavxkbuer","msg":"Project archived (deleted)"}
{"level":30,"time":"2026-03-13T17:43:02.569Z","scope":"kaneo:label-resource","labelId":"h7rt2kljx2rpz7qqdiasuuro","msg":"Label removed"}
{"level":30,"time":"2026-03-13T17:43:02.570Z","scope":"kaneo:remove-label","labelId":"h7rt2kljx2rpz7qqdiasuuro","msg":"Label removed"}
{"level":30,"time":"2026-03-13T17:43:02.570Z","scope":"e2e:client","projectCount":1,"taskCount":0,"labelCount":1,"msg":"Cleanup complete"}
{"level":30,"time":"2026-03-13T17:43:02.595Z","scope":"kaneo:project-resource","projectId":"y2m5x6wb0g6ser9jgy5efz56","name":"Label Ops Test 1773423782570","msg":"Project created"}
{"level":30,"time":"2026-03-13T17:43:02.595Z","scope":"kaneo:create-project","workspaceId":"Op5jBG5zpWK5O0quQH3xnZoIYiinT5k7","projectId":"y2m5x6wb0g6ser9jgy5efz56","name":"Label Ops Test 1773423782570","msg":"Project created"}
{"level":30,"time":"2026-03-13T17:43:02.595Z","scope":"e2e:client","projectId":"y2m5x6wb0g6ser9jgy5efz56","name":"Label Ops Test 1773423782570","msg":"Test project created"}
{"level":30,"time":"2026-03-13T17:43:02.604Z","scope":"kaneo:label-resource","labelId":"cviwujmhvnevt7ubg05g69am","name":"Old Name","msg":"Label created"}
{"level":30,"time":"2026-03-13T17:43:02.604Z","scope":"kaneo:create-label","workspaceId":"Op5jBG5zpWK5O0quQH3xnZoIYiinT5k7","labelId":"cviwujmhvnevt7ubg05g69am","name":"Old Name","msg":"Label created"}
{"level":30,"time":"2026-03-13T17:43:02.618Z","scope":"kaneo:label-resource","labelId":"cviwujmhvnevt7ubg05g69am","name":"New Name","msg":"Label updated"}
{"level":30,"time":"2026-03-13T17:43:02.618Z","scope":"kaneo:update-label","labelId":"cviwujmhvnevt7ubg05g69am","name":"New Name","msg":"Label updated"}
{"level":30,"time":"2026-03-13T17:43:02.618Z","scope":"e2e:client","projectCount":1,"taskCount":0,"labelCount":1,"msg":"Starting cleanup"}
{"level":30,"time":"2026-03-13T17:43:02.626Z","scope":"kaneo:project-resource","projectId":"y2m5x6wb0g6ser9jgy5efz56","msg":"Project archived"}
{"level":30,"time":"2026-03-13T17:43:02.626Z","scope":"kaneo:archive-project","projectId":"y2m5x6wb0g6ser9jgy5efz56","msg":"Project archived (deleted)"}
{"level":30,"time":"2026-03-13T17:43:02.635Z","scope":"kaneo:label-resource","labelId":"cviwujmhvnevt7ubg05g69am","msg":"Label removed"}
{"level":30,"time":"2026-03-13T17:43:02.636Z","scope":"kaneo:remove-label","labelId":"cviwujmhvnevt7ubg05g69am","msg":"Label removed"}
{"level":30,"time":"2026-03-13T17:43:02.636Z","scope":"e2e:client","projectCount":1,"taskCount":0,"labelCount":1,"msg":"Cleanup complete"}
{"level":30,"time":"2026-03-13T17:43:02.661Z","scope":"kaneo:project-resource","projectId":"gwiipjwq0t8tkrn63i9amzra","name":"Label Ops Test 1773423782636","msg":"Project created"}
{"level":30,"time":"2026-03-13T17:43:02.661Z","scope":"kaneo:create-project","workspaceId":"Op5jBG5zpWK5O0quQH3xnZoIYiinT5k7","projectId":"gwiipjwq0t8tkrn63i9amzra","name":"Label Ops Test 1773423782636","msg":"Project created"}
{"level":30,"time":"2026-03-13T17:43:02.661Z","scope":"e2e:client","projectId":"gwiipjwq0t8tkrn63i9amzra","name":"Label Ops Test 1773423782636","msg":"Test project created"}
{"level":30,"time":"2026-03-13T17:43:02.671Z","scope":"kaneo:label-resource","labelId":"xz7r665wywwpuloyclaswcx8","name":"Label 1773423782661","msg":"Label created"}
{"level":30,"time":"2026-03-13T17:43:02.671Z","scope":"kaneo:create-label","workspaceId":"Op5jBG5zpWK5O0quQH3xnZoIYiinT5k7","labelId":"xz7r665wywwpuloyclaswcx8","name":"Label 1773423782661","msg":"Label created"}
{"level":30,"time":"2026-03-13T17:43:02.676Z","scope":"kaneo:label-resource","count":1,"msg":"Labels listed"}
{"level":30,"time":"2026-03-13T17:43:02.676Z","scope":"kaneo:list-labels","workspaceId":"Op5jBG5zpWK5O0quQH3xnZoIYiinT5k7","labelCount":1,"msg":"Labels listed"}
{"level":30,"time":"2026-03-13T17:43:02.676Z","scope":"e2e:client","projectCount":1,"taskCount":0,"labelCount":1,"msg":"Starting cleanup"}
{"level":30,"time":"2026-03-13T17:43:02.684Z","scope":"kaneo:project-resource","projectId":"gwiipjwq0t8tkrn63i9amzra","msg":"Project archived"}
{"level":30,"time":"2026-03-13T17:43:02.684Z","scope":"kaneo:archive-project","projectId":"gwiipjwq0t8tkrn63i9amzra","msg":"Project archived (deleted)"}
{"level":30,"time":"2026-03-13T17:43:02.691Z","scope":"kaneo:label-resource","labelId":"xz7r665wywwpuloyclaswcx8","msg":"Label removed"}
{"level":30,"time":"2026-03-13T17:43:02.691Z","scope":"kaneo:remove-label","labelId":"xz7r665wywwpuloyclaswcx8","msg":"Label removed"}
{"level":30,"time":"2026-03-13T17:43:02.691Z","scope":"e2e:client","projectCount":1,"taskCount":0,"labelCount":1,"msg":"Cleanup complete"}
{"level":30,"time":"2026-03-13T17:43:02.717Z","scope":"kaneo:project-resource","projectId":"lq8gk2ijvxn88uo93mn6sa4v","name":"Label Ops Test 1773423782691","msg":"Project created"}
{"level":30,"time":"2026-03-13T17:43:02.717Z","scope":"kaneo:create-project","workspaceId":"Op5jBG5zpWK5O0quQH3xnZoIYiinT5k7","projectId":"lq8gk2ijvxn88uo93mn6sa4v","name":"Label Ops Test 1773423782691","msg":"Project created"}
{"level":30,"time":"2026-03-13T17:43:02.717Z","scope":"e2e:client","projectId":"lq8gk2ijvxn88uo93mn6sa4v","name":"Label Ops Test 1773423782691","msg":"Test project created"}
{"level":30,"time":"2026-03-13T17:43:02.729Z","scope":"kaneo:label-resource","labelId":"e9l2uwodwk1r74llfzu5wrlp","name":"To Remove","msg":"Label created"}
{"level":30,"time":"2026-03-13T17:43:02.729Z","scope":"kaneo:create-label","workspaceId":"Op5jBG5zpWK5O0quQH3xnZoIYiinT5k7","labelId":"e9l2uwodwk1r74llfzu5wrlp","name":"To Remove","msg":"Label created"}
{"level":30,"time":"2026-03-13T17:43:02.736Z","scope":"kaneo:label-resource","labelId":"e9l2uwodwk1r74llfzu5wrlp","msg":"Label removed"}
{"level":30,"time":"2026-03-13T17:43:02.737Z","scope":"kaneo:remove-label","labelId":"e9l2uwodwk1r74llfzu5wrlp","msg":"Label removed"}
{"level":30,"time":"2026-03-13T17:43:02.741Z","scope":"kaneo:label-resource","count":0,"msg":"Labels listed"}
{"level":30,"time":"2026-03-13T17:43:02.741Z","scope":"kaneo:list-labels","workspaceId":"Op5jBG5zpWK5O0quQH3xnZoIYiinT5k7","labelCount":0,"msg":"Labels listed"}
{"level":30,"time":"2026-03-13T17:43:02.741Z","scope":"e2e:client","projectCount":1,"taskCount":0,"labelCount":0,"msg":"Starting cleanup"}
{"level":30,"time":"2026-03-13T17:43:02.750Z","scope":"kaneo:project-resource","projectId":"lq8gk2ijvxn88uo93mn6sa4v","msg":"Project archived"}
{"level":30,"time":"2026-03-13T17:43:02.750Z","scope":"kaneo:archive-project","projectId":"lq8gk2ijvxn88uo93mn6sa4v","msg":"Project archived (deleted)"}
{"level":30,"time":"2026-03-13T17:43:02.750Z","scope":"e2e:client","projectCount":1,"taskCount":0,"labelCount":0,"msg":"Cleanup complete"}
{"level":30,"time":"2026-03-13T17:43:02.775Z","scope":"kaneo:project-resource","projectId":"hbkiakx5k5xlqyqolakjcpz3","name":"Label Ops Test 1773423782750","msg":"Project created"}
{"level":30,"time":"2026-03-13T17:43:02.775Z","scope":"kaneo:create-project","workspaceId":"Op5jBG5zpWK5O0quQH3xnZoIYiinT5k7","projectId":"hbkiakx5k5xlqyqolakjcpz3","name":"Label Ops Test 1773423782750","msg":"Project created"}
{"level":30,"time":"2026-03-13T17:43:02.775Z","scope":"e2e:client","projectId":"hbkiakx5k5xlqyqolakjcpz3","name":"Label Ops Test 1773423782750","msg":"Test project created"}
{"level":30,"time":"2026-03-13T17:43:02.790Z","scope":"kaneo:label-resource","labelId":"ou35s7jv70trghh11tfzdseu","name":"Test Label","msg":"Label created"}
{"level":30,"time":"2026-03-13T17:43:02.790Z","scope":"kaneo:create-label","workspaceId":"Op5jBG5zpWK5O0quQH3xnZoIYiinT5k7","labelId":"ou35s7jv70trghh11tfzdseu","name":"Test Label","msg":"Label created"}
{"level":30,"time":"2026-03-13T17:43:02.802Z","scope":"kaneo:task-resource","taskId":"aqwxanz96nwd7zgolbjghblm","number":1,"msg":"Task created"}
{"level":30,"time":"2026-03-13T17:43:02.802Z","scope":"kaneo:create-task","taskId":"aqwxanz96nwd7zgolbjghblm","title":"Task with label","number":1,"msg":"Task created"}
{"level":30,"time":"2026-03-13T17:43:02.818Z","scope":"kaneo:label-resource","taskId":"aqwxanz96nwd7zgolbjghblm","labelId":"ou35s7jv70trghh11tfzdseu","msg":"Label added to task"}
{"level":30,"time":"2026-03-13T17:43:02.818Z","scope":"kaneo:add-task-label","taskId":"aqwxanz96nwd7zgolbjghblm","labelId":"ou35s7jv70trghh11tfzdseu","msg":"Label added to task"}
{"level":30,"time":"2026-03-13T17:43:02.838Z","scope":"kaneo:label-resource","taskId":"aqwxanz96nwd7zgolbjghblm","labelId":"ou35s7jv70trghh11tfzdseu","msg":"Label removed from task"}
{"level":30,"time":"2026-03-13T17:43:02.839Z","scope":"kaneo:remove-task-label","taskId":"aqwxanz96nwd7zgolbjghblm","labelId":"ou35s7jv70trghh11tfzdseu","msg":"Label removed from task"}
{"level":30,"time":"2026-03-13T17:43:02.839Z","scope":"e2e:setup","msg":"Tearing down E2E environment"}
{"level":30,"time":"2026-03-13T17:43:02.839Z","scope":"e2e:docker","msg":"Stopping Kaneo server"}
killed 1 dangling process

tests/e2e/label-operations.test.ts:
(fail) E2E: Label Operations > (unnamed) [5002.34ms]
  ^ a beforeEach/afterEach hook timed out for this test.
{"level":30,"time":"2026-03-13T17:43:07.844Z","scope":"e2e:setup","baseUrl":"http://localhost:11337","publicUrl":"http://localhost:1337","msg":"Setting up E2E environment"}
{"level":30,"time":"2026-03-13T17:43:07.844Z","scope":"e2e:docker","msg":"Docker already started, skipping"}
{"level":30,"time":"2026-03-13T17:43:07.844Z","scope":"e2e:setup","healthUrl":"http://localhost:11337/api/health","msg":"Waiting for Kaneo server to be healthy"}
{"level":40,"time":"2026-03-13T17:43:07.845Z","scope":"e2e:docker","code":130,"stderr":" Container papai-papai-1  Stopping\n Container papai-caddy-1  Stopping\n Container papai-caddy-1  Stopped\n Container papai-caddy-1  Removing\n Container papai-caddy-1  Removed\n Container papai-kaneo-web-1  Stopping\n Container papai-papai-1  Stopped\n Container papai-papai-1  Removing\n Container papai-papai-1  Removed\n Container papai-kaneo-db-fix-1  Stopping\n Container papai-kaneo-db-fix-1  Stopped\n Container papai-kaneo-db-fix-1  Removing\n Container papai-kaneo-db-fix-1  Removed\n Container papai-kaneo-web-1  Stopped\n Container papai-kaneo-web-1  Removing\n Container papai-kaneo-web-1  Removed\n Container papai-kaneo-api-1  Stopping\n Container papai-kaneo-api-1  Error while Stopping\n\n","msg":"Kaneo server stop completed with warnings"}
{"level":30,"time":"2026-03-13T17:43:07.854Z","scope":"e2e:setup","attempts":1,"msg":"Kaneo server is healthy"}
{"level":30,"time":"2026-03-13T17:43:07.854Z","scope":"kaneo:provision","telegramId":1000787853,"email":"e2e-test-1773423787854@pap.ai","msg":"Provisioning Kaneo user account"}
{"level":30,"time":"2026-03-13T17:43:08.024Z","scope":"kaneo:provision","telegramId":1000787853,"msg":"Created API key for provisioned user"}
{"level":30,"time":"2026-03-13T17:43:08.024Z","scope":"kaneo:provision","telegramId":1000787853,"workspaceId":"GvOMUB646w0zto8UXPgJhCSiJ25LRQ55","msg":"Kaneo user provisioned"}
{"level":30,"time":"2026-03-13T17:43:08.024Z","scope":"e2e:setup","workspaceId":"GvOMUB646w0zto8UXPgJhCSiJ25LRQ55","msg":"E2E environment setup complete"}
{"level":30,"time":"2026-03-13T17:43:08.024Z","scope":"e2e:client","projectCount":0,"taskCount":0,"labelCount":0,"msg":"Starting cleanup"}
{"level":30,"time":"2026-03-13T17:43:08.024Z","scope":"e2e:client","projectCount":0,"taskCount":0,"labelCount":0,"msg":"Cleanup complete"}
{"level":30,"time":"2026-03-13T17:43:08.046Z","scope":"kaneo:project-resource","projectId":"i61j9s6yl6cfsdmys1zyyebs","name":"Label Test 1773423788024","msg":"Project created"}
{"level":30,"time":"2026-03-13T17:43:08.047Z","scope":"kaneo:create-project","workspaceId":"GvOMUB646w0zto8UXPgJhCSiJ25LRQ55","projectId":"i61j9s6yl6cfsdmys1zyyebs","name":"Label Test 1773423788024","msg":"Project created"}
{"level":30,"time":"2026-03-13T17:43:08.047Z","scope":"e2e:client","projectId":"i61j9s6yl6cfsdmys1zyyebs","name":"Label Test 1773423788024","msg":"Test project created"}
{"level":30,"time":"2026-03-13T17:43:08.055Z","scope":"kaneo:label-resource","labelId":"o70y4ul07h2ppmk2itadnbvv","name":"E2E Label","msg":"Label created"}
{"level":30,"time":"2026-03-13T17:43:08.055Z","scope":"kaneo:create-label","workspaceId":"GvOMUB646w0zto8UXPgJhCSiJ25LRQ55","labelId":"o70y4ul07h2ppmk2itadnbvv","name":"E2E Label","msg":"Label created"}
{"level":30,"time":"2026-03-13T17:43:08.059Z","scope":"kaneo:label-resource","count":1,"msg":"Labels listed"}
{"level":30,"time":"2026-03-13T17:43:08.059Z","scope":"kaneo:list-labels","workspaceId":"GvOMUB646w0zto8UXPgJhCSiJ25LRQ55","labelCount":1,"msg":"Labels listed"}
{"level":30,"time":"2026-03-13T17:43:08.059Z","scope":"e2e:client","projectCount":1,"taskCount":0,"labelCount":0,"msg":"Starting cleanup"}
{"level":30,"time":"2026-03-13T17:43:08.067Z","scope":"kaneo:project-resource","projectId":"i61j9s6yl6cfsdmys1zyyebs","msg":"Project archived"}
{"level":30,"time":"2026-03-13T17:43:08.067Z","scope":"kaneo:archive-project","projectId":"i61j9s6yl6cfsdmys1zyyebs","msg":"Project archived (deleted)"}
{"level":30,"time":"2026-03-13T17:43:08.067Z","scope":"e2e:client","projectCount":1,"taskCount":0,"labelCount":0,"msg":"Cleanup complete"}
{"level":30,"time":"2026-03-13T17:43:08.074Z","scope":"kaneo:label-resource","labelId":"o70y4ul07h2ppmk2itadnbvv","msg":"Label removed"}
{"level":30,"time":"2026-03-13T17:43:08.074Z","scope":"kaneo:remove-label","labelId":"o70y4ul07h2ppmk2itadnbvv","msg":"Label removed"}
{"level":30,"time":"2026-03-13T17:43:08.097Z","scope":"kaneo:project-resource","projectId":"y42keqe9nz9e8w6g305t2vdu","name":"Label Test 1773423788074","msg":"Project created"}
{"level":30,"time":"2026-03-13T17:43:08.097Z","scope":"kaneo:create-project","workspaceId":"GvOMUB646w0zto8UXPgJhCSiJ25LRQ55","projectId":"y42keqe9nz9e8w6g305t2vdu","name":"Label Test 1773423788074","msg":"Project created"}
{"level":30,"time":"2026-03-13T17:43:08.097Z","scope":"e2e:client","projectId":"y42keqe9nz9e8w6g305t2vdu","name":"Label Test 1773423788074","msg":"Test project created"}
{"level":30,"time":"2026-03-13T17:43:08.106Z","scope":"kaneo:label-resource","labelId":"sd4c1eg2yvy6ntwa9z0j5m4q","name":"Original Label","msg":"Label created"}
{"level":30,"time":"2026-03-13T17:43:08.106Z","scope":"kaneo:create-label","workspaceId":"GvOMUB646w0zto8UXPgJhCSiJ25LRQ55","labelId":"sd4c1eg2yvy6ntwa9z0j5m4q","name":"Original Label","msg":"Label created"}
{"level":30,"time":"2026-03-13T17:43:08.117Z","scope":"kaneo:label-resource","labelId":"sd4c1eg2yvy6ntwa9z0j5m4q","name":"Updated Label","msg":"Label updated"}
{"level":30,"time":"2026-03-13T17:43:08.117Z","scope":"kaneo:update-label","labelId":"sd4c1eg2yvy6ntwa9z0j5m4q","name":"Updated Label","msg":"Label updated"}
{"level":30,"time":"2026-03-13T17:43:08.117Z","scope":"e2e:client","projectCount":1,"taskCount":0,"labelCount":0,"msg":"Starting cleanup"}
{"level":30,"time":"2026-03-13T17:43:08.125Z","scope":"kaneo:project-resource","projectId":"y42keqe9nz9e8w6g305t2vdu","msg":"Project archived"}
{"level":30,"time":"2026-03-13T17:43:08.125Z","scope":"kaneo:archive-project","projectId":"y42keqe9nz9e8w6g305t2vdu","msg":"Project archived (deleted)"}
{"level":30,"time":"2026-03-13T17:43:08.125Z","scope":"e2e:client","projectCount":1,"taskCount":0,"labelCount":0,"msg":"Cleanup complete"}
{"level":30,"time":"2026-03-13T17:43:08.132Z","scope":"kaneo:label-resource","labelId":"sd4c1eg2yvy6ntwa9z0j5m4q","msg":"Label removed"}
{"level":30,"time":"2026-03-13T17:43:08.132Z","scope":"kaneo:remove-label","labelId":"sd4c1eg2yvy6ntwa9z0j5m4q","msg":"Label removed"}
{"level":30,"time":"2026-03-13T17:43:08.155Z","scope":"kaneo:project-resource","projectId":"mz6k256wsrsixpyru1ukzvdl","name":"Label Test 1773423788132","msg":"Project created"}
{"level":30,"time":"2026-03-13T17:43:08.155Z","scope":"kaneo:create-project","workspaceId":"GvOMUB646w0zto8UXPgJhCSiJ25LRQ55","projectId":"mz6k256wsrsixpyru1ukzvdl","name":"Label Test 1773423788132","msg":"Project created"}
{"level":30,"time":"2026-03-13T17:43:08.155Z","scope":"e2e:client","projectId":"mz6k256wsrsixpyru1ukzvdl","name":"Label Test 1773423788132","msg":"Test project created"}
{"level":30,"time":"2026-03-13T17:43:08.164Z","scope":"kaneo:label-resource","labelId":"qawnz755tghbcpzztlomrfll","name":"Test Label","msg":"Label created"}
{"level":30,"time":"2026-03-13T17:43:08.164Z","scope":"kaneo:create-label","workspaceId":"GvOMUB646w0zto8UXPgJhCSiJ25LRQ55","labelId":"qawnz755tghbcpzztlomrfll","name":"Test Label","msg":"Label created"}
{"level":30,"time":"2026-03-13T17:43:08.174Z","scope":"kaneo:task-resource","taskId":"odmj17n27ngc62pxjr91c64a","number":1,"msg":"Task created"}
{"level":30,"time":"2026-03-13T17:43:08.174Z","scope":"kaneo:create-task","taskId":"odmj17n27ngc62pxjr91c64a","title":"Label Test Task","number":1,"msg":"Task created"}
{"level":30,"time":"2026-03-13T17:43:08.189Z","scope":"kaneo:label-resource","taskId":"odmj17n27ngc62pxjr91c64a","labelId":"qawnz755tghbcpzztlomrfll","msg":"Label added to task"}
{"level":30,"time":"2026-03-13T17:43:08.189Z","scope":"kaneo:add-task-label","taskId":"odmj17n27ngc62pxjr91c64a","labelId":"qawnz755tghbcpzztlomrfll","msg":"Label added to task"}
{"level":30,"time":"2026-03-13T17:43:08.206Z","scope":"kaneo:label-resource","taskId":"odmj17n27ngc62pxjr91c64a","labelId":"qawnz755tghbcpzztlomrfll","msg":"Label removed from task"}
{"level":30,"time":"2026-03-13T17:43:08.206Z","scope":"kaneo:remove-task-label","taskId":"odmj17n27ngc62pxjr91c64a","labelId":"qawnz755tghbcpzztlomrfll","msg":"Label removed from task"}
{"level":30,"time":"2026-03-13T17:43:08.207Z","scope":"e2e:setup","msg":"Tearing down E2E environment"}
{"level":30,"time":"2026-03-13T17:43:08.207Z","scope":"e2e:docker","msg":"Docker not started by this process, skipping stop"}
{"level":30,"time":"2026-03-13T17:43:08.209Z","scope":"e2e:setup","baseUrl":"http://localhost:11337","publicUrl":"http://localhost:1337","msg":"Setting up E2E environment"}
{"level":30,"time":"2026-03-13T17:43:08.209Z","scope":"e2e:docker","msg":"Starting Kaneo server via Docker Compose"}
{"level":30,"time":"2026-03-13T17:43:10.507Z","scope":"e2e:docker","msg":"Kaneo server started successfully"}
{"level":30,"time":"2026-03-13T17:43:10.507Z","scope":"e2e:setup","healthUrl":"http://localhost:11337/api/health","msg":"Waiting for Kaneo server to be healthy"}
{"level":30,"time":"2026-03-13T17:43:10.509Z","scope":"e2e:setup","attempts":1,"msg":"Kaneo server is healthy"}
{"level":30,"time":"2026-03-13T17:43:10.509Z","scope":"kaneo:provision","telegramId":1000790508,"email":"e2e-test-1773423790509@pap.ai","msg":"Provisioning Kaneo user account"}
{"level":30,"time":"2026-03-13T17:43:10.648Z","scope":"kaneo:provision","telegramId":1000790508,"msg":"Created API key for provisioned user"}
{"level":30,"time":"2026-03-13T17:43:10.648Z","scope":"kaneo:provision","telegramId":1000790508,"workspaceId":"wGLPlfgQaLlqnrpXNOwjEe1Q7WgrkVop","msg":"Kaneo user provisioned"}
{"level":30,"time":"2026-03-13T17:43:10.648Z","scope":"e2e:setup","workspaceId":"wGLPlfgQaLlqnrpXNOwjEe1Q7WgrkVop","msg":"E2E environment setup complete"}
{"level":30,"time":"2026-03-13T17:43:10.648Z","scope":"e2e:client","projectCount":0,"taskCount":0,"labelCount":0,"msg":"Starting cleanup"}
{"level":30,"time":"2026-03-13T17:43:10.648Z","scope":"e2e:client","projectCount":0,"taskCount":0,"labelCount":0,"msg":"Cleanup complete"}
{"level":30,"time":"2026-03-13T17:43:10.671Z","scope":"kaneo:project-resource","projectId":"e3n4r5aqajbov2zrxh696piv","name":"Comments Test 1773423790648","msg":"Project created"}
{"level":30,"time":"2026-03-13T17:43:10.671Z","scope":"kaneo:create-project","workspaceId":"wGLPlfgQaLlqnrpXNOwjEe1Q7WgrkVop","projectId":"e3n4r5aqajbov2zrxh696piv","name":"Comments Test 1773423790648","msg":"Project created"}
{"level":30,"time":"2026-03-13T17:43:10.671Z","scope":"e2e:client","projectId":"e3n4r5aqajbov2zrxh696piv","name":"Comments Test 1773423790648","msg":"Test project created"}
{"level":30,"time":"2026-03-13T17:43:10.685Z","scope":"kaneo:task-resource","taskId":"z7kgx8d928cnvi0chqcogsyz","number":1,"msg":"Task created"}
{"level":30,"time":"2026-03-13T17:43:10.685Z","scope":"kaneo:create-task","taskId":"z7kgx8d928cnvi0chqcogsyz","title":"Task with comment","number":1,"msg":"Task created"}
{"level":30,"time":"2026-03-13T17:43:10.703Z","scope":"kaneo:comment-resource","taskId":"z7kgx8d928cnvi0chqcogsyz","count":0,"msg":"Comments listed"}
{"level":50,"time":"2026-03-13T17:43:10.703Z","scope":"kaneo:comment-resource","error":"Failed to retrieve created comment: no comments found","msg":"Failed to add comment"}
{"level":50,"time":"2026-03-13T17:43:10.703Z","scope":"kaneo:add-comment","error":"Failed to retrieve created comment: no comments found","taskId":"z7kgx8d928cnvi0chqcogsyz","msg":"addComment failed"}

tests/e2e/task-comments.test.ts:
61 |     if (message.includes('rate limit') || message.includes('429')) {
62 |       return new KaneoClassifiedError(error.message, kaneoError.rateLimited())
63 |     }
64 |   }
65 | 
66 |   return new KaneoClassifiedError(
              ^
KaneoClassifiedError: Failed to retrieve created comment: no comments found
 appError: {
  type: "system",
  code: "unexpected",
  originalError: 28 |       // We find the most recent comment instead of matching by text,
29 |       // because the API may transform text (trim whitespace, etc.) and
30 |       // text-based matching is fragile with duplicates
31 |       const comments = await this.list(taskId)
32 |       if (comments.length === 0) {
33 |         throw new Error('Failed to retrieve created comment: no comments found')
                       ^
error: Failed to retrieve created comment: no comments found
      at add (/Users/ki/Projects/experiments/papai/src/kaneo/comment-resource.ts:33:19)
      at async addComment (/Users/ki/Projects/experiments/papai/src/kaneo/add-comment.ts:21:42)
      at async <anonymous> (/Users/ki/Projects/experiments/papai/tests/e2e/task-comments.test.ts:37:27)
,
},

      at classifyKaneoError (/Users/ki/Projects/experiments/papai/src/kaneo/classify-error.ts:66:10)
      at add (/Users/ki/Projects/experiments/papai/src/kaneo/comment-resource.ts:46:13)
      at async addComment (/Users/ki/Projects/experiments/papai/src/kaneo/add-comment.ts:21:42)
      at async <anonymous> (/Users/ki/Projects/experiments/papai/tests/e2e/task-comments.test.ts:37:27)
(fail) E2E: Task Comments > adds a comment to a task [55.63ms]
{"level":30,"time":"2026-03-13T17:43:10.703Z","scope":"e2e:client","projectCount":1,"taskCount":1,"labelCount":0,"msg":"Starting cleanup"}
{"level":30,"time":"2026-03-13T17:43:10.711Z","scope":"kaneo:task-resource","taskId":"z7kgx8d928cnvi0chqcogsyz","msg":"Task deleted"}
{"level":30,"time":"2026-03-13T17:43:10.711Z","scope":"kaneo:delete-task","taskId":"z7kgx8d928cnvi0chqcogsyz","msg":"Task deleted"}
{"level":30,"time":"2026-03-13T17:43:10.720Z","scope":"kaneo:project-resource","projectId":"e3n4r5aqajbov2zrxh696piv","msg":"Project archived"}
{"level":30,"time":"2026-03-13T17:43:10.720Z","scope":"kaneo:archive-project","projectId":"e3n4r5aqajbov2zrxh696piv","msg":"Project archived (deleted)"}
{"level":30,"time":"2026-03-13T17:43:10.720Z","scope":"e2e:client","projectCount":1,"taskCount":1,"labelCount":0,"msg":"Cleanup complete"}
{"level":30,"time":"2026-03-13T17:43:10.748Z","scope":"kaneo:project-resource","projectId":"apj9mjbfeqse1i3k3du008bt","name":"Comments Test 1773423790720","msg":"Project created"}
{"level":30,"time":"2026-03-13T17:43:10.748Z","scope":"kaneo:create-project","workspaceId":"wGLPlfgQaLlqnrpXNOwjEe1Q7WgrkVop","projectId":"apj9mjbfeqse1i3k3du008bt","name":"Comments Test 1773423790720","msg":"Project created"}
{"level":30,"time":"2026-03-13T17:43:10.748Z","scope":"e2e:client","projectId":"apj9mjbfeqse1i3k3du008bt","name":"Comments Test 1773423790720","msg":"Test project created"}
{"level":30,"time":"2026-03-13T17:43:10.761Z","scope":"kaneo:task-resource","taskId":"pk57xdskov1oeg6ojr7r876b","number":1,"msg":"Task created"}
{"level":30,"time":"2026-03-13T17:43:10.761Z","scope":"kaneo:create-task","taskId":"pk57xdskov1oeg6ojr7r876b","title":"Task with multiple comments","number":1,"msg":"Task created"}
{"level":30,"time":"2026-03-13T17:43:10.777Z","scope":"kaneo:comment-resource","taskId":"pk57xdskov1oeg6ojr7r876b","count":0,"msg":"Comments listed"}
{"level":50,"time":"2026-03-13T17:43:10.777Z","scope":"kaneo:comment-resource","error":"Failed to retrieve created comment: no comments found","msg":"Failed to add comment"}
{"level":50,"time":"2026-03-13T17:43:10.777Z","scope":"kaneo:add-comment","error":"Failed to retrieve created comment: no comments found","taskId":"pk57xdskov1oeg6ojr7r876b","msg":"addComment failed"}
61 |     if (message.includes('rate limit') || message.includes('429')) {
62 |       return new KaneoClassifiedError(error.message, kaneoError.rateLimited())
63 |     }
64 |   }
65 | 
66 |   return new KaneoClassifiedError(
              ^
KaneoClassifiedError: Failed to retrieve created comment: no comments found
 appError: {
  type: "system",
  code: "unexpected",
  originalError: 28 |       // We find the most recent comment instead of matching by text,
29 |       // because the API may transform text (trim whitespace, etc.) and
30 |       // text-based matching is fragile with duplicates
31 |       const comments = await this.list(taskId)
32 |       if (comments.length === 0) {
33 |         throw new Error('Failed to retrieve created comment: no comments found')
                       ^
error: Failed to retrieve created comment: no comments found
      at add (/Users/ki/Projects/experiments/papai/src/kaneo/comment-resource.ts:33:19)
      at async addComment (/Users/ki/Projects/experiments/papai/src/kaneo/add-comment.ts:21:42)
      at async <anonymous> (/Users/ki/Projects/experiments/papai/tests/e2e/task-comments.test.ts:48:11)
,
},

      at classifyKaneoError (/Users/ki/Projects/experiments/papai/src/kaneo/classify-error.ts:66:10)
      at add (/Users/ki/Projects/experiments/papai/src/kaneo/comment-resource.ts:46:13)
      at async addComment (/Users/ki/Projects/experiments/papai/src/kaneo/add-comment.ts:21:42)
      at async <anonymous> (/Users/ki/Projects/experiments/papai/tests/e2e/task-comments.test.ts:48:11)
(fail) E2E: Task Comments > retrieves comments for a task [73.80ms]
{"level":30,"time":"2026-03-13T17:43:10.777Z","scope":"e2e:client","projectCount":1,"taskCount":1,"labelCount":0,"msg":"Starting cleanup"}
{"level":30,"time":"2026-03-13T17:43:10.784Z","scope":"kaneo:task-resource","taskId":"pk57xdskov1oeg6ojr7r876b","msg":"Task deleted"}
{"level":30,"time":"2026-03-13T17:43:10.784Z","scope":"kaneo:delete-task","taskId":"pk57xdskov1oeg6ojr7r876b","msg":"Task deleted"}
{"level":30,"time":"2026-03-13T17:43:10.792Z","scope":"kaneo:project-resource","projectId":"apj9mjbfeqse1i3k3du008bt","msg":"Project archived"}
{"level":30,"time":"2026-03-13T17:43:10.792Z","scope":"kaneo:archive-project","projectId":"apj9mjbfeqse1i3k3du008bt","msg":"Project archived (deleted)"}
{"level":30,"time":"2026-03-13T17:43:10.792Z","scope":"e2e:client","projectCount":1,"taskCount":1,"labelCount":0,"msg":"Cleanup complete"}
{"level":30,"time":"2026-03-13T17:43:10.816Z","scope":"kaneo:project-resource","projectId":"bnfclam877vbkg3mvi00diu3","name":"Comments Test 1773423790792","msg":"Project created"}
{"level":30,"time":"2026-03-13T17:43:10.816Z","scope":"kaneo:create-project","workspaceId":"wGLPlfgQaLlqnrpXNOwjEe1Q7WgrkVop","projectId":"bnfclam877vbkg3mvi00diu3","name":"Comments Test 1773423790792","msg":"Project created"}
{"level":30,"time":"2026-03-13T17:43:10.816Z","scope":"e2e:client","projectId":"bnfclam877vbkg3mvi00diu3","name":"Comments Test 1773423790792","msg":"Test project created"}
{"level":30,"time":"2026-03-13T17:43:10.826Z","scope":"kaneo:task-resource","taskId":"kj4zopibuq7iyotiojuxwhch","number":1,"msg":"Task created"}
{"level":30,"time":"2026-03-13T17:43:10.827Z","scope":"kaneo:create-task","taskId":"kj4zopibuq7iyotiojuxwhch","title":"Task with updatable comment","number":1,"msg":"Task created"}
{"level":30,"time":"2026-03-13T17:43:10.842Z","scope":"kaneo:comment-resource","taskId":"kj4zopibuq7iyotiojuxwhch","count":0,"msg":"Comments listed"}
{"level":50,"time":"2026-03-13T17:43:10.842Z","scope":"kaneo:comment-resource","error":"Failed to retrieve created comment: no comments found","msg":"Failed to add comment"}
{"level":50,"time":"2026-03-13T17:43:10.842Z","scope":"kaneo:add-comment","error":"Failed to retrieve created comment: no comments found","taskId":"kj4zopibuq7iyotiojuxwhch","msg":"addComment failed"}
61 |     if (message.includes('rate limit') || message.includes('429')) {
62 |       return new KaneoClassifiedError(error.message, kaneoError.rateLimited())
63 |     }
64 |   }
65 | 
66 |   return new KaneoClassifiedError(
              ^
KaneoClassifiedError: Failed to retrieve created comment: no comments found
 appError: {
  type: "system",
  code: "unexpected",
  originalError: 28 |       // We find the most recent comment instead of matching by text,
29 |       // because the API may transform text (trim whitespace, etc.) and
30 |       // text-based matching is fragile with duplicates
31 |       const comments = await this.list(taskId)
32 |       if (comments.length === 0) {
33 |         throw new Error('Failed to retrieve created comment: no comments found')
                       ^
error: Failed to retrieve created comment: no comments found
      at add (/Users/ki/Projects/experiments/papai/src/kaneo/comment-resource.ts:33:19)
      at async addComment (/Users/ki/Projects/experiments/papai/src/kaneo/add-comment.ts:21:42)
      at async <anonymous> (/Users/ki/Projects/experiments/papai/tests/e2e/task-comments.test.ts:63:27)
,
},

      at classifyKaneoError (/Users/ki/Projects/experiments/papai/src/kaneo/classify-error.ts:66:10)
      at add (/Users/ki/Projects/experiments/papai/src/kaneo/comment-resource.ts:46:13)
      at async addComment (/Users/ki/Projects/experiments/papai/src/kaneo/add-comment.ts:21:42)
      at async <anonymous> (/Users/ki/Projects/experiments/papai/tests/e2e/task-comments.test.ts:63:27)
(fail) E2E: Task Comments > updates a comment [65.50ms]
{"level":30,"time":"2026-03-13T17:43:10.843Z","scope":"e2e:client","projectCount":1,"taskCount":1,"labelCount":0,"msg":"Starting cleanup"}
{"level":30,"time":"2026-03-13T17:43:10.849Z","scope":"kaneo:task-resource","taskId":"kj4zopibuq7iyotiojuxwhch","msg":"Task deleted"}
{"level":30,"time":"2026-03-13T17:43:10.850Z","scope":"kaneo:delete-task","taskId":"kj4zopibuq7iyotiojuxwhch","msg":"Task deleted"}
{"level":30,"time":"2026-03-13T17:43:10.857Z","scope":"kaneo:project-resource","projectId":"bnfclam877vbkg3mvi00diu3","msg":"Project archived"}
{"level":30,"time":"2026-03-13T17:43:10.857Z","scope":"kaneo:archive-project","projectId":"bnfclam877vbkg3mvi00diu3","msg":"Project archived (deleted)"}
{"level":30,"time":"2026-03-13T17:43:10.857Z","scope":"e2e:client","projectCount":1,"taskCount":1,"labelCount":0,"msg":"Cleanup complete"}
{"level":30,"time":"2026-03-13T17:43:10.881Z","scope":"kaneo:project-resource","projectId":"w1u2rornv84h6x7fr6m2myit","name":"Comments Test 1773423790857","msg":"Project created"}
{"level":30,"time":"2026-03-13T17:43:10.881Z","scope":"kaneo:create-project","workspaceId":"wGLPlfgQaLlqnrpXNOwjEe1Q7WgrkVop","projectId":"w1u2rornv84h6x7fr6m2myit","name":"Comments Test 1773423790857","msg":"Project created"}
{"level":30,"time":"2026-03-13T17:43:10.881Z","scope":"e2e:client","projectId":"w1u2rornv84h6x7fr6m2myit","name":"Comments Test 1773423790857","msg":"Test project created"}
{"level":30,"time":"2026-03-13T17:43:10.893Z","scope":"kaneo:task-resource","taskId":"rqfo4cni9fkf727a04ev6w71","number":1,"msg":"Task created"}
{"level":30,"time":"2026-03-13T17:43:10.893Z","scope":"kaneo:create-task","taskId":"rqfo4cni9fkf727a04ev6w71","title":"Task with removable comment","number":1,"msg":"Task created"}
{"level":30,"time":"2026-03-13T17:43:10.912Z","scope":"kaneo:comment-resource","taskId":"rqfo4cni9fkf727a04ev6w71","count":0,"msg":"Comments listed"}
{"level":50,"time":"2026-03-13T17:43:10.912Z","scope":"kaneo:comment-resource","error":"Failed to retrieve created comment: no comments found","msg":"Failed to add comment"}
{"level":50,"time":"2026-03-13T17:43:10.912Z","scope":"kaneo:add-comment","error":"Failed to retrieve created comment: no comments found","taskId":"rqfo4cni9fkf727a04ev6w71","msg":"addComment failed"}
61 |     if (message.includes('rate limit') || message.includes('429')) {
62 |       return new KaneoClassifiedError(error.message, kaneoError.rateLimited())
63 |     }
64 |   }
65 | 
66 |   return new KaneoClassifiedError(
              ^
KaneoClassifiedError: Failed to retrieve created comment: no comments found
 appError: {
  type: "system",
  code: "unexpected",
  originalError: 28 |       // We find the most recent comment instead of matching by text,
29 |       // because the API may transform text (trim whitespace, etc.) and
30 |       // text-based matching is fragile with duplicates
31 |       const comments = await this.list(taskId)
32 |       if (comments.length === 0) {
33 |         throw new Error('Failed to retrieve created comment: no comments found')
                       ^
error: Failed to retrieve created comment: no comments found
      at add (/Users/ki/Projects/experiments/papai/src/kaneo/comment-resource.ts:33:19)
      at async addComment (/Users/ki/Projects/experiments/papai/src/kaneo/add-comment.ts:21:42)
      at async <anonymous> (/Users/ki/Projects/experiments/papai/tests/e2e/task-comments.test.ts:77:27)
,
},

      at classifyKaneoError (/Users/ki/Projects/experiments/papai/src/kaneo/classify-error.ts:66:10)
      at add (/Users/ki/Projects/experiments/papai/src/kaneo/comment-resource.ts:46:13)
      at async addComment (/Users/ki/Projects/experiments/papai/src/kaneo/add-comment.ts:21:42)
      at async <anonymous> (/Users/ki/Projects/experiments/papai/tests/e2e/task-comments.test.ts:77:27)
(fail) E2E: Task Comments > removes a comment [69.62ms]
{"level":30,"time":"2026-03-13T17:43:10.912Z","scope":"e2e:client","projectCount":1,"taskCount":1,"labelCount":0,"msg":"Starting cleanup"}
{"level":30,"time":"2026-03-13T17:43:10.920Z","scope":"kaneo:task-resource","taskId":"rqfo4cni9fkf727a04ev6w71","msg":"Task deleted"}
{"level":30,"time":"2026-03-13T17:43:10.920Z","scope":"kaneo:delete-task","taskId":"rqfo4cni9fkf727a04ev6w71","msg":"Task deleted"}
{"level":30,"time":"2026-03-13T17:43:10.927Z","scope":"kaneo:project-resource","projectId":"w1u2rornv84h6x7fr6m2myit","msg":"Project archived"}
{"level":30,"time":"2026-03-13T17:43:10.927Z","scope":"kaneo:archive-project","projectId":"w1u2rornv84h6x7fr6m2myit","msg":"Project archived (deleted)"}
{"level":30,"time":"2026-03-13T17:43:10.927Z","scope":"e2e:client","projectCount":1,"taskCount":1,"labelCount":0,"msg":"Cleanup complete"}
{"level":30,"time":"2026-03-13T17:43:10.951Z","scope":"kaneo:project-resource","projectId":"ptwnh8wqmla5ghouhqyq5qzv","name":"Comments Test 1773423790927","msg":"Project created"}
{"level":30,"time":"2026-03-13T17:43:10.951Z","scope":"kaneo:create-project","workspaceId":"wGLPlfgQaLlqnrpXNOwjEe1Q7WgrkVop","projectId":"ptwnh8wqmla5ghouhqyq5qzv","name":"Comments Test 1773423790927","msg":"Project created"}
{"level":30,"time":"2026-03-13T17:43:10.951Z","scope":"e2e:client","projectId":"ptwnh8wqmla5ghouhqyq5qzv","name":"Comments Test 1773423790927","msg":"Test project created"}
{"level":30,"time":"2026-03-13T17:43:10.962Z","scope":"kaneo:task-resource","taskId":"jn4sk5n1ju0ol4of9b9qih33","number":1,"msg":"Task created"}
{"level":30,"time":"2026-03-13T17:43:10.962Z","scope":"kaneo:create-task","taskId":"jn4sk5n1ju0ol4of9b9qih33","title":"Task with long comment","number":1,"msg":"Task created"}
{"level":30,"time":"2026-03-13T17:43:10.978Z","scope":"kaneo:comment-resource","taskId":"jn4sk5n1ju0ol4of9b9qih33","count":0,"msg":"Comments listed"}
{"level":50,"time":"2026-03-13T17:43:10.978Z","scope":"kaneo:comment-resource","error":"Failed to retrieve created comment: no comments found","msg":"Failed to add comment"}
{"level":50,"time":"2026-03-13T17:43:10.978Z","scope":"kaneo:add-comment","error":"Failed to retrieve created comment: no comments found","taskId":"jn4sk5n1ju0ol4of9b9qih33","msg":"addComment failed"}
61 |     if (message.includes('rate limit') || message.includes('429')) {
62 |       return new KaneoClassifiedError(error.message, kaneoError.rateLimited())
63 |     }
64 |   }
65 | 
66 |   return new KaneoClassifiedError(
              ^
KaneoClassifiedError: Failed to retrieve created comment: no comments found
 appError: {
  type: "system",
  code: "unexpected",
  originalError: 28 |       // We find the most recent comment instead of matching by text,
29 |       // because the API may transform text (trim whitespace, etc.) and
30 |       // text-based matching is fragile with duplicates
31 |       const comments = await this.list(taskId)
32 |       if (comments.length === 0) {
33 |         throw new Error('Failed to retrieve created comment: no comments found')
                       ^
error: Failed to retrieve created comment: no comments found
      at add (/Users/ki/Projects/experiments/papai/src/kaneo/comment-resource.ts:33:19)
      at async addComment (/Users/ki/Projects/experiments/papai/src/kaneo/add-comment.ts:21:42)
      at async <anonymous> (/Users/ki/Projects/experiments/papai/tests/e2e/task-comments.test.ts:90:27)
,
},

      at classifyKaneoError (/Users/ki/Projects/experiments/papai/src/kaneo/classify-error.ts:66:10)
      at add (/Users/ki/Projects/experiments/papai/src/kaneo/comment-resource.ts:46:13)
      at async addComment (/Users/ki/Projects/experiments/papai/src/kaneo/add-comment.ts:21:42)
      at async <anonymous> (/Users/ki/Projects/experiments/papai/tests/e2e/task-comments.test.ts:90:27)
(fail) E2E: Task Comments > handles long comments [66.73ms]
{"level":30,"time":"2026-03-13T17:43:10.979Z","scope":"e2e:client","projectCount":1,"taskCount":1,"labelCount":0,"msg":"Starting cleanup"}
{"level":30,"time":"2026-03-13T17:43:10.987Z","scope":"kaneo:task-resource","taskId":"jn4sk5n1ju0ol4of9b9qih33","msg":"Task deleted"}
{"level":30,"time":"2026-03-13T17:43:10.987Z","scope":"kaneo:delete-task","taskId":"jn4sk5n1ju0ol4of9b9qih33","msg":"Task deleted"}
{"level":30,"time":"2026-03-13T17:43:10.999Z","scope":"kaneo:project-resource","projectId":"ptwnh8wqmla5ghouhqyq5qzv","msg":"Project archived"}
{"level":30,"time":"2026-03-13T17:43:10.999Z","scope":"kaneo:archive-project","projectId":"ptwnh8wqmla5ghouhqyq5qzv","msg":"Project archived (deleted)"}
{"level":30,"time":"2026-03-13T17:43:10.999Z","scope":"e2e:client","projectCount":1,"taskCount":1,"labelCount":0,"msg":"Cleanup complete"}
{"level":30,"time":"2026-03-13T17:43:11.024Z","scope":"kaneo:project-resource","projectId":"wwdxaagly0u3memwxfyrf27n","name":"Comments Test 1773423790999","msg":"Project created"}
{"level":30,"time":"2026-03-13T17:43:11.024Z","scope":"kaneo:create-project","workspaceId":"wGLPlfgQaLlqnrpXNOwjEe1Q7WgrkVop","projectId":"wwdxaagly0u3memwxfyrf27n","name":"Comments Test 1773423790999","msg":"Project created"}
{"level":30,"time":"2026-03-13T17:43:11.024Z","scope":"e2e:client","projectId":"wwdxaagly0u3memwxfyrf27n","name":"Comments Test 1773423790999","msg":"Test project created"}
{"level":30,"time":"2026-03-13T17:43:11.036Z","scope":"kaneo:task-resource","taskId":"kvouj9eqyh9fsart7eyvcet3","number":1,"msg":"Task created"}
{"level":30,"time":"2026-03-13T17:43:11.036Z","scope":"kaneo:create-task","taskId":"kvouj9eqyh9fsart7eyvcet3","title":"Task with special chars","number":1,"msg":"Task created"}
{"level":30,"time":"2026-03-13T17:43:11.055Z","scope":"kaneo:comment-resource","taskId":"kvouj9eqyh9fsart7eyvcet3","count":0,"msg":"Comments listed"}
{"level":50,"time":"2026-03-13T17:43:11.055Z","scope":"kaneo:comment-resource","error":"Failed to retrieve created comment: no comments found","msg":"Failed to add comment"}
{"level":50,"time":"2026-03-13T17:43:11.055Z","scope":"kaneo:add-comment","error":"Failed to retrieve created comment: no comments found","taskId":"kvouj9eqyh9fsart7eyvcet3","msg":"addComment failed"}
61 |     if (message.includes('rate limit') || message.includes('429')) {
62 |       return new KaneoClassifiedError(error.message, kaneoError.rateLimited())
63 |     }
64 |   }
65 | 
66 |   return new KaneoClassifiedError(
              ^
KaneoClassifiedError: Failed to retrieve created comment: no comments found
 appError: {
  type: "system",
  code: "unexpected",
  originalError: 28 |       // We find the most recent comment instead of matching by text,
29 |       // because the API may transform text (trim whitespace, etc.) and
30 |       // text-based matching is fragile with duplicates
31 |       const comments = await this.list(taskId)
32 |       if (comments.length === 0) {
33 |         throw new Error('Failed to retrieve created comment: no comments found')
                       ^
error: Failed to retrieve created comment: no comments found
      at add (/Users/ki/Projects/experiments/papai/src/kaneo/comment-resource.ts:33:19)
      at async addComment (/Users/ki/Projects/experiments/papai/src/kaneo/add-comment.ts:21:42)
      at async <anonymous> (/Users/ki/Projects/experiments/papai/tests/e2e/task-comments.test.ts:100:27)
,
},

      at classifyKaneoError (/Users/ki/Projects/experiments/papai/src/kaneo/classify-error.ts:66:10)
      at add (/Users/ki/Projects/experiments/papai/src/kaneo/comment-resource.ts:46:13)
      at async addComment (/Users/ki/Projects/experiments/papai/src/kaneo/add-comment.ts:21:42)
      at async <anonymous> (/Users/ki/Projects/experiments/papai/tests/e2e/task-comments.test.ts:100:27)
(fail) E2E: Task Comments > handles special characters in comments [76.16ms]
{"level":30,"time":"2026-03-13T17:43:11.055Z","scope":"e2e:setup","msg":"Tearing down E2E environment"}
{"level":30,"time":"2026-03-13T17:43:11.055Z","scope":"e2e:docker","msg":"Stopping Kaneo server"}
killed 1 dangling process
(fail) E2E: Task Comments > (unnamed) [5002.73ms]
  ^ a beforeEach/afterEach hook timed out for this test.
{"level":30,"time":"2026-03-13T17:43:16.062Z","scope":"e2e:setup","baseUrl":"http://localhost:11337","publicUrl":"http://localhost:1337","msg":"Setting up E2E environment"}
{"level":30,"time":"2026-03-13T17:43:16.062Z","scope":"e2e:docker","msg":"Docker already started, skipping"}
{"level":30,"time":"2026-03-13T17:43:16.062Z","scope":"e2e:setup","healthUrl":"http://localhost:11337/api/health","msg":"Waiting for Kaneo server to be healthy"}
{"level":40,"time":"2026-03-13T17:43:16.063Z","scope":"e2e:docker","code":130,"stderr":" Container papai-papai-1  Stopping\n Container papai-caddy-1  Stopping\n Container papai-caddy-1  Stopped\n Container papai-caddy-1  Removing\n Container papai-caddy-1  Removed\n Container papai-kaneo-web-1  Stopping\n Container papai-papai-1  Stopped\n Container papai-papai-1  Removing\n Container papai-papai-1  Removed\n Container papai-kaneo-db-fix-1  Stopping\n Container papai-kaneo-db-fix-1  Stopped\n Container papai-kaneo-db-fix-1  Removing\n Container papai-kaneo-db-fix-1  Removed\n Container papai-kaneo-web-1  Error while Stopping\n\n","msg":"Kaneo server stop completed with warnings"}

tests/e2e/project-lifecycle.test.ts:
(fail) E2E: Project Lifecycle > (unnamed) [5001.72ms]
  ^ a beforeEach/afterEach hook timed out for this test.
{"level":30,"time":"2026-03-13T17:43:21.064Z","scope":"e2e:setup","msg":"Tearing down E2E environment"}
{"level":30,"time":"2026-03-13T17:43:21.064Z","scope":"e2e:docker","msg":"Docker not started by this process, skipping stop"}
{"level":30,"time":"2026-03-13T17:43:21.068Z","scope":"e2e:setup","baseUrl":"http://localhost:11337","publicUrl":"http://localhost:1337","msg":"Setting up E2E environment"}
{"level":30,"time":"2026-03-13T17:43:21.068Z","scope":"e2e:docker","msg":"Starting Kaneo server via Docker Compose"}
{"level":30,"time":"2026-03-13T17:43:25.149Z","scope":"e2e:setup","attempts":10,"msg":"Kaneo server is healthy"}
{"level":30,"time":"2026-03-13T17:43:25.149Z","scope":"kaneo:provision","telegramId":1000805148,"email":"e2e-test-1773423805149@pap.ai","msg":"Provisioning Kaneo user account"}
{"level":30,"time":"2026-03-13T17:43:25.443Z","scope":"kaneo:provision","telegramId":1000805148,"msg":"Created API key for provisioned user"}
{"level":30,"time":"2026-03-13T17:43:25.443Z","scope":"kaneo:provision","telegramId":1000805148,"workspaceId":"VsoKvq2cf3Wfv8qkA0Hg2XzCLN8PHqxH","msg":"Kaneo user provisioned"}
{"level":30,"time":"2026-03-13T17:43:25.443Z","scope":"e2e:setup","workspaceId":"VsoKvq2cf3Wfv8qkA0Hg2XzCLN8PHqxH","msg":"E2E environment setup complete"}
killed 1 dangling process

tests/e2e/column-management.test.ts:
(fail) E2E: Column Management > (unnamed) [5003.26ms]
  ^ a beforeEach/afterEach hook timed out for this test.
{"level":30,"time":"2026-03-13T17:43:26.071Z","scope":"e2e:setup","msg":"Tearing down E2E environment"}
{"level":30,"time":"2026-03-13T17:43:26.071Z","scope":"e2e:docker","msg":"Docker not started by this process, skipping stop"}

 20 pass
 1 skip
 22 fail
 46 expect() calls
Ran 43 tests across 12 files. [65.21s]
